// Jest Snapshot v1, https://goo.gl/fbAQLP

exports[`Autocomplete Wrapper should render 1`] = `
<DocumentFragment>
  <label>
    Taxonomy [OC]
    <div
      class="autocomplete-container"
    >
      <span
        class="search-input"
      >
        <input
          data-testid="search-input"
          placeholder=""
          type="search"
          value="Homo sapiens (Human) [9606]"
        />
        <span
          class="search-input__suffix"
          data-testid="search-input-suffix"
          role="presentation"
        >
          <test-file-stub
            height="14"
            width="14"
          />
        </span>
      </span>
      <div
        class="autocomplete-menu"
      >
        <div
          class="dropdown-menu__panel"
        />
      </div>
    </div>
  </label>
</DocumentFragment>
`;
