// Jest Snapshot v1, https://goo.gl/fbAQLP

exports[`EvidenceField component should render 1`] = `
<DocumentFragment>
  <label>
    Evidence
    <select>
      <optgroup
        label="Any"
      >
        <option
          value="any"
        >
          Any assertion method
        </option>
        <option
          value="manual"
        >
          Any manual assertion
        </option>
        <option
          value="automatic"
        >
          Any automatic assertion
        </option>
        <option
          value="experimental"
        >
          Any experimental assertion
        </option>
      </optgroup>
      <optgroup
        label="Manual assertions"
      >
        <option
          value="ECO_0000269"
        >
          Experimental
        </option>
        <option
          value="ECO_0000303"
        >
          Non-traceable author statement
        </option>
        <option
          value="ECO_0000305"
        >
          Curator inference
        </option>
        <option
          value="ECO_0000250"
        >
          Sequence similarity
        </option>
        <option
          value="ECO_0000255"
        >
          Sequence model
        </option>
        <option
          value="ECO_0000244"
        >
          Combinatorial
        </option>
        <option
          value="ECO_0000312"
        >
          Imported information
        </option>
      </optgroup>
      <optgroup
        label="Automatic assertions"
      >
        <option
          value="ECO_0000256"
        >
          Sequence model
        </option>
        <option
          value="ECO_0000213"
        >
          Combinatorial
        </option>
        <option
          value="ECO_0000313"
        >
          Imported information
        </option>
        <option
          value="ECO_0000259"
        >
          Sequence motif match (InterPro)
        </option>
      </optgroup>
    </select>
  </label>
</DocumentFragment>
`;
