// Jest Snapshot v1, https://goo.gl/fbAQLP

exports[`Community annotatation should render the community annotation content 1`] = `
<DocumentFragment>
  <details
    class="community-annotation-details"
  >
    <summary
      class="header"
    >
      <span
        class="button tertiary community-button"
      >
        <test-file-stub
          width="1ch"
        />
        Community curation (1) 
        <test-file-stub
          classname="chevron-icon"
          width="1ch"
        />
      </span>
      <hr
        class="separator"
      />
    </summary>
    <section
      class="hero-container content hero-container--side-padding"
    >
      <section
        class="reference-card card"
      >
        <div
          class="card__container"
        >
          <div
            class="card__content"
          >
            <h4>
              Community suggested name: Epicuticlin
            </h4>
            <table>
              <thead>
                <tr>
                  <th>
                    Source
                  </th>
                  <th>
                    Submission date
                  </th>
                  <th>
                    Contributor
                  </th>
                </tr>
              </thead>
              <tbody>
                <tr>
                  <td>
                    <a
                      class="external-link"
                      href="https://pubmed.ncbi.nlm.nih.gov/36301857"
                      rel="noopener"
                      target="_blank"
                    >
                      PubMed:36301857
                      <test-file-stub
                        data-testid="external-link-icon"
                        width="12.5"
                      />
                    </a>
                  </td>
                  <td>
                    <a
                      class="external-link"
                      href="https://community.uniprot.org/bbsub/bbsubinfo.html?accession=Q95PB5&pmid=36301857"
                      rel="noopener"
                      target="_blank"
                    >
                      <time />
                      <test-file-stub
                        data-testid="external-link-icon"
                        width="12.5"
                      />
                    </a>
                  </td>
                  <td>
                    <a
                      class="external-link"
                      href="https://orcid.org/0000-0001-6057-9374"
                      rel="noopener"
                      target="_blank"
                    >
                      <img
                        alt=""
                        height="15"
                        src="test-file-stub"
                        width="15"
                      />
                      0000-0001-6057-9374
                      <test-file-stub
                        data-testid="external-link-icon"
                        width="12.5"
                      />
                    </a>
                  </td>
                </tr>
              </tbody>
            </table>
          </div>
        </div>
      </section>
    </section>
  </details>
</DocumentFragment>
`;
