// Jest Snapshot v1, https://goo.gl/fbAQLP

exports[`Computationally mapped isoforms Should render correctly 1`] = `
<DocumentFragment>
  <h3>
    Computationally mapped potential isoform sequences
  </h3>
  <p>
    There are 4 potential isoforms mapped to this entry
  </p>
  <div
    class="button-group"
  >
    <button
      class="button tertiary"
      disabled=""
      title="Select at least one entry to run a BLAST job"
      type="button"
    >
      BLAST
    </button>
    <button
      class="button tertiary"
      disabled=""
      title="Select at least 2 entries to run an Align job"
      type="button"
    >
      Align
    </button>
    <button
      class="button tertiary"
      disabled=""
      title="Select at least one entry to add to the basket"
      type="button"
    >
      <svg
        fill="currentColor"
        viewBox="0 0 576 512"
      >
        <path
          d="M576 216v16c0 13-11 24-24 24h-8l-26 183c-3 23-24 41-48 41H106c-24 0-45-18-48-41L32 256h-8c-13 0-24-11-24-24v-16c0-13 11-24 24-24h67L198 45a32 32 0 0152 38l-80 109h236L326 83a32 32 0 0152-38l107 147h67c13 0 24 11 24 24zM312 392V280a24 24 0 10-48 0v112a24 24 0 1048 0zm112 0V280a24 24 0 10-48 0v112a24 24 0 1048 0zm-224 0V280a24 24 0 10-48 0v112a24 24 0 1048 0z"
        />
      </svg>
      Add
    </button>
    <button
      class="button tertiary"
      type="button"
    >
      View all
    </button>
  </div>
  <div
    data-loader-scroll="computationaly-mapped"
  >
    <table
      class="data-table data-table--compact  "
    >
      <thead
        class="data-table__header"
      >
        <tr
          class="data-table__row"
        >
          <th
            class="data-table__header-cell data-table__header-cell--checkbox"
          >
             
          </th>
          <th
            class="data-table__header-cell "
            style="width: auto;"
          >
            Accession
          </th>
          <th
            class="data-table__header-cell "
            style="width: auto;"
          >
            Gene name
          </th>
          <th
            class="data-table__header-cell "
            style="width: auto;"
          >
            Gene name type
          </th>
          <th
            class="data-table__header-cell "
            style="width: auto;"
          >
            Length
          </th>
        </tr>
      </thead>
      <tbody
        class="data-table__table__body"
      >
        <tr>
          <td
            class="data-table__cell "
          >
            <input
              aria-label="H7C0V9"
              type="checkbox"
            />
          </td>
          <td
            class="data-table__cell  "
          >
            <a
              href="/uniprotkb/H7C0V9"
            >
              <span
                class="uniprot-title__status icon--unreviewed"
                title="This marks an unreviewed entry"
              >
                <svg
                  fill="currentColor"
                  viewBox="0 0 400 512"
                >
                  <path
                    d="M400 144H256V0l144 144zm-176 32V0H0v512h400V176H224z"
                  />
                </svg>
              </span>
              H7C0V9
            </a>
          </td>
          <td
            class="data-table__cell  "
          >
            APP
          </td>
          <td
            class="data-table__cell  "
          >
            Gene name
          </td>
          <td
            class="data-table__cell  "
          >
            485
          </td>
        </tr>
        <tr>
          <td
            class="data-table__cell data-table__cell--odd "
          >
            <input
              aria-label="A0A0A0MRG2"
              type="checkbox"
            />
          </td>
          <td
            class="data-table__cell data-table__cell--odd  "
          >
            <a
              href="/uniprotkb/A0A0A0MRG2"
            >
              <span
                class="uniprot-title__status icon--unreviewed"
                title="This marks an unreviewed entry"
              >
                <svg
                  fill="currentColor"
                  viewBox="0 0 400 512"
                >
                  <path
                    d="M400 144H256V0l144 144zm-176 32V0H0v512h400V176H224z"
                  />
                </svg>
              </span>
              A0A0A0MRG2
            </a>
          </td>
          <td
            class="data-table__cell data-table__cell--odd  "
          >
            APP
          </td>
          <td
            class="data-table__cell data-table__cell--odd  "
          >
            Gene name
          </td>
          <td
            class="data-table__cell data-table__cell--odd  "
          >
            660
          </td>
        </tr>
        <tr>
          <td
            class="data-table__cell "
          >
            <input
              aria-label="E9PG40"
              type="checkbox"
            />
          </td>
          <td
            class="data-table__cell  "
          >
            <a
              href="/uniprotkb/E9PG40"
            >
              <span
                class="uniprot-title__status icon--unreviewed"
                title="This marks an unreviewed entry"
              >
                <svg
                  fill="currentColor"
                  viewBox="0 0 400 512"
                >
                  <path
                    d="M400 144H256V0l144 144zm-176 32V0H0v512h400V176H224z"
                  />
                </svg>
              </span>
              E9PG40
            </a>
          </td>
          <td
            class="data-table__cell  "
          >
            APP
          </td>
          <td
            class="data-table__cell  "
          >
            Gene name
          </td>
          <td
            class="data-table__cell  "
          >
            714
          </td>
        </tr>
        <tr>
          <td
            class="data-table__cell data-table__cell--odd "
          >
            <input
              aria-label="H7C2L2"
              type="checkbox"
            />
          </td>
          <td
            class="data-table__cell data-table__cell--odd  "
          >
            <a
              href="/uniprotkb/H7C2L2"
            >
              <span
                class="uniprot-title__status icon--unreviewed"
                title="This marks an unreviewed entry"
              >
                <svg
                  fill="currentColor"
                  viewBox="0 0 400 512"
                >
                  <path
                    d="M400 144H256V0l144 144zm-176 32V0H0v512h400V176H224z"
                  />
                </svg>
              </span>
              H7C2L2
            </a>
          </td>
          <td
            class="data-table__cell data-table__cell--odd  "
          >
            APP
          </td>
          <td
            class="data-table__cell data-table__cell--odd  "
          >
            Gene name
          </td>
          <td
            class="data-table__cell data-table__cell--odd  "
          >
            181
          </td>
        </tr>
      </tbody>
    </table>
  </div>
</DocumentFragment>
`;

exports[`Computationally mapped isoforms Should return nothing if 404 1`] = `<DocumentFragment />`;
