// Jest Snapshot v1, https://goo.gl/fbAQLP

exports[`EntryPublication facets tests should handle errors 1`] = `
<DocumentFragment>
  <div
    class="error-page-container"
  >
    <img
      alt=""
      class="error-page-container__art-work"
      height="400"
      src="test-file-stub"
      width="400"
    />
    <div
      class="message message--failure"
      role="status"
    >
      <div
        class="message__side-border"
      />
      <test-file-stub
        height="1.125em"
        width="1.125em"
      />
      <section
        class="message__content"
      >
        <small>
          <h4>
            This service is currently unavailable!
          </h4>
          <span>
            Please try again later
          </span>
        </small>
      </section>
    </div>
  </div>
</DocumentFragment>
`;

exports[`EntryPublication facets tests should handle loading 1`] = `
<DocumentFragment>
  <div
    class="loader-container"
  >
    <test-file-stub
      classname="loader"
      height="100"
      width="100"
    />
  </div>
</DocumentFragment>
`;

exports[`EntryPublication facets tests should render 1`] = `
<DocumentFragment>
  <div
    class="facets"
  >
    <ul
      class="no-bullet"
    >
      <li>
        <div>
          <div
            class="facet-name"
          >
            Source
          </div>
          <ul
            class="expandable-list no-bullet"
          >
            <li>
              <a
                href="/?facets=types%3A2"
              >
                UniProtKB reviewed (Swiss-Prot) (24)
              </a>
            </li>
            <li>
              <a
                href="/?facets=types%3A1"
              >
                Computationally mapped (23)
              </a>
            </li>
            <li>
              <a
                href="/?facets=types%3A0"
              >
                Community mapped (1)
              </a>
            </li>
          </ul>
        </div>
      </li>
      <li>
        <div>
          <div
            class="facet-name"
          >
            Category
          </div>
          <ul
            class="expandable-list no-bullet"
          >
            <li>
              <a
                href="/?facets=categories%3AInteraction"
              >
                Interaction (23)
              </a>
            </li>
            <li>
              <a
                href="/?facets=categories%3ASequence"
              >
                Sequence (14)
              </a>
            </li>
            <li>
              <a
                href="/?facets=categories%3AFunction"
              >
                Function (13)
              </a>
            </li>
            <li>
              <a
                href="/?facets=categories%3APTM"
              >
                PTM (8)
              </a>
            </li>
            <li>
              <a
                href="/?facets=categories%3APathol"
              >
                Pathol (6)
              </a>
            </li>
          </ul>
        </div>
      </li>
      <li>
        <div>
          <div
            class="facet-name"
          >
            Study type
          </div>
          <ul
            class="expandable-list no-bullet"
          >
            <li>
              <a
                href="/?facets=is_large_scale%3Afalse"
              >
                Small scale (27)
              </a>
            </li>
            <li>
              <a
                href="/?facets=is_large_scale%3Atrue"
              >
                Large scale (20)
              </a>
            </li>
          </ul>
        </div>
      </li>
    </ul>
  </div>
</DocumentFragment>
`;
