// Jest Snapshot v1, https://goo.gl/fbAQLP

exports[`PeptideSearchResult should render with the correct number of results in the title 1`] = `
<DocumentFragment>
  <div
    class="sidebar-layout"
  >
    <section
      class="sidebar-layout__sidebar"
    />
    <section
      class="sidebar-layout__content"
    >
      <section
        class="sidebar-layout__title"
      />
      <div
        class="page-intro"
      >
        <h2>
          <button
            class="dropdown"
            type="button"
          >
            <test-file-stub
              height="20"
              width="20"
            />
             UniProtKB
          </button>
          <small>
             2 results
          </small>
        </h2>
        <div
          class="intro-content"
        >
          <p>
            The UniProt Knowledgebase (UniProtKB) is the central hub for the collection of functional information on proteins, with accurate, consistent and rich annotation. In addition to capturing the core data mandatory for each UniProtKB entry (mainly, the amino acid sequence, protein name or description, taxonomic data and citation information), as much annotation information as possible is added.
          </p>
          <p>
            UniProtKB consists of two sections:
          </p>
          <p>
            Reviewed (Swiss-Prot) - Manually annotated Records with information extracted from literature and curator-evaluated computational analysis.
          </p>
          <p>
            Unreviewed (TrEMBL) - Computationally analyzed Records that await full manual annotation.
          </p>
          <div
            class="intro-links"
          >
            <a
              href="/"
            >
              Help
            </a>
            <a
              href="/"
            >
              Video
            </a>
          </div>
        </div>
      </div>
      <div
        class="button-group results-buttons"
      >
        <button
          class="button tertiary disabled"
          disabled=""
          title="Select at least one entry to run a BLAST job"
          type="button"
        >
          BLAST
        </button>
        <button
          class="button tertiary disabled"
          disabled=""
          title="Select at least 2 entries to run an Align job"
          type="button"
        >
          Align
        </button>
        <button
          class="button tertiary"
          type="button"
        >
          <test-file-stub />
          Download
        </button>
        <button
          class="button tertiary disabled"
          disabled=""
          title="Select at least one entry to add to the basket"
          type="button"
        >
          <test-file-stub />
          Add
        </button>
        <button
          class="button tertiary"
          type="button"
        >
          <test-file-stub />
          Statistics
        </button>
        <button
          class="button tertiary large-icon"
          data-testid="table-card-toggle"
          type="button"
        >
          <test-file-stub
            classname="results-buttons__toggle"
          />
          <test-file-stub
            classname="results-buttons__toggle results-buttons__toggle--active"
          />
        </button>
      </div>
      <div
        class="results-data"
      >
        <div />
        <div
          class="data-loader__loading"
        />
      </div>
    </section>
  </div>
</DocumentFragment>
`;
