// Jest Snapshot v1, https://goo.gl/fbAQLP

exports[`IDMappingForm test Renders the form 1`] = `
<DocumentFragment>
  <div
    class="page-intro"
  >
    <h1
      class=""
    >
      Retrieve/ID mapping
    </h1>
  </div>
  <form
    aria-label="ID mapping job submission form"
  >
    <fieldset>
      <section
        class="tools-form-section__item tools-form-section__item--full-width"
      >
        <legend>
          Enter your IDs or
          <label
            class="tools-form-section__file-input"
          >
            load from a text file
            <input
              type="file"
            />
          </label>
          . Separate IDs by whitespace (space, tab, newline) or commas.
        </legend>
        <textarea
          autocomplete="off"
          class="tools-form-raw-text-input"
          name="ids"
          placeholder="P31946 P62258 ALBU_HUMAN EFTU_ECOLI"
          spellcheck="false"
        />
      </section>
    </fieldset>
    <fieldset>
      <section
        class="tools-form-section"
      >
        <section
          class="tools-form-section__item"
        >
          <label>
            From database
          </label>
          <div
            class="dropdown-container"
          >
            <button
              class="button primary dropdown"
              type="button"
            >
              UniProtKB AC/ID
            </button>
            <div
              class="dropdown-menu"
            />
          </div>
        </section>
        <section
          class="tools-form-section__item"
        >
          <label>
            To database
          </label>
          <div
            class="dropdown-container"
          >
            <button
              class="button primary dropdown"
              type="button"
            >
              UniRef90
            </button>
            <div
              class="dropdown-menu"
            />
          </div>
        </section>
      </section>
      <section
        class="tools-form-section"
      >
        <section
          class="tools-form-section__item"
        >
          <label>
            Name your ID Mapping job
            <input
              autocomplete="off"
              maxlength="100"
              name="title"
              placeholder="\\"my job title\\""
              style="width: 2ch;"
              type="text"
              value=""
            />
          </label>
        </section>
      </section>
      <section
        class="tools-form-section sticky-bottom-right"
      >
        <section
          class="button-group tools-form-section__buttons"
        >
          <input
            class="button secondary"
            type="reset"
          />
          <button
            class="button primary"
            disabled=""
            type="submit"
          >
            Map  IDs
          </button>
        </section>
      </section>
    </fieldset>
  </form>
</DocumentFragment>
`;
