// Jest Snapshot v1, https://goo.gl/fbAQLP

exports[`WrappedRow should render 1`] = `
<DocumentFragment>
  <div
    class="track-label track-label--align-labels"
  >
    <button
      class="align-label align-label--active align-label--selectable"
      style="height: 20px;"
      tabindex="0"
      type="button"
    >
      <span
        class="entry-title__status icon--reviewed"
        title="This marks a reviewed UniProtKB entry"
      >
        <test-file-stub />
      </span>
      sp|
      <a
        href="/uniprotkb/P05066"
      >
        P05066
      </a>
      |PHR_YEAST
    </button>
    <button
      class="align-label align-label--selectable"
      style="height: 20px;"
      tabindex="0"
      type="button"
    >
      <span
        class="entry-title__status icon--reviewed"
        title="This marks a reviewed UniProtKB entry"
      >
        <test-file-stub />
      </span>
      sp|
      <a
        href="/uniprotkb/P05067"
      >
        P05067
      </a>
      |A4_HUMAN
    </button>
    <button
      class="align-label align-label--selectable"
      style="height: 20px;"
      tabindex="0"
      type="button"
    >
      <span
        class="entry-title__status icon--reviewed"
        title="This marks a reviewed UniProtKB entry"
      >
        <test-file-stub />
      </span>
      sp|
      <a
        href="/uniprotkb/P05062"
      >
        P05062
      </a>
      |ALDOB_HUMAN
    </button>
    <button
      class="align-label align-label--selectable"
      style="height: 20px;"
      tabindex="0"
      type="button"
    >
      <span
        class="entry-title__status icon--reviewed"
        title="This marks a reviewed UniProtKB entry"
      >
        <test-file-stub />
      </span>
      sp|
      <a
        href="/uniprotkb/P05064"
      >
        P05064
      </a>
      |ALDOA_MOUSE
    </button>
  </div>
  <div
    class="track"
  />
  <span
    class="right-coord"
  >
    <div
      style="height: 20px;"
    >
      4
    </div>
    <div
      style="height: 20px;"
    >
      46
    </div>
    <div
      style="height: 20px;"
    >
      0
    </div>
    <div
      style="height: 20px;"
    >
      0
    </div>
  </span>
  <span
    class="track-label annotation-label"
  >
    P05066:Domain
  </span>
  <div
    class="track annotation-track"
  >
    <protvista-track
      displayend="46"
      displaystart="1"
      layout="non-overlapping"
      length="46"
    />
  </div>
</DocumentFragment>
`;
