// Jest Snapshot v1, https://goo.gl/fbAQLP

exports[`WrappedRow should render 1`] = `
<DocumentFragment>
  <div
    class="track-label track-label--align-labels"
    style="bottom: 7px; position: relative;"
  >
    <button
      class="align-label align-label--active align-label--selectable"
      style="height: 20px;"
      tabindex="0"
      type="button"
    >
      <span
        class="entry-title__status icon--reviewed"
        title="This marks a reviewed UniProtKB entry"
      >
        <test-file-stub />
      </span>
      sp|
      <a
        href="/uniprotkb/P05066"
      >
        P05066
      </a>
      |PHR_YEAST
    </button>
    <button
      class="align-label align-label--selectable"
      style="height: 20px;"
      tabindex="0"
      type="button"
    >
      <span
        class="entry-title__status icon--reviewed"
        title="This marks a reviewed UniProtKB entry"
      >
        <test-file-stub />
      </span>
      sp|
      <a
        href="/uniprotkb/P05067"
      >
        P05067
      </a>
      |A4_HUMAN
    </button>
    <button
      class="align-label align-label--selectable"
      style="height: 20px;"
      tabindex="0"
      type="button"
    >
      <span
        class="entry-title__status icon--reviewed"
        title="This marks a reviewed UniProtKB entry"
      >
        <test-file-stub />
      </span>
      sp|
      <a
        href="/uniprotkb/P05062"
      >
        P05062
      </a>
      |ALDOB_HUMAN
    </button>
    <button
      class="align-label align-label--selectable"
      style="height: 20px;"
      tabindex="0"
      type="button"
    >
      <span
        class="entry-title__status icon--reviewed"
        title="This marks a reviewed UniProtKB entry"
      >
        <test-file-stub />
      </span>
      sp|
      <a
        href="/uniprotkb/P05064"
      >
        P05064
      </a>
      |ALDOA_MOUSE
    </button>
  </div>
  <div
    class="track"
    style="width: 810px;"
  />
  <span
    class="right-coord"
    style="bottom: 2px; position: relative;"
  >
    <div
      style="height: 20px;"
    >
      4
    </div>
    <div
      style="height: 20px;"
    >
      46
    </div>
    <div
      style="height: 20px;"
    >
      0
    </div>
    <div
      style="height: 20px;"
    >
      0
    </div>
  </span>
  <span
    class="track-label annotation-label"
  >
    P05066:Domain
  </span>
  <div
    class="track annotation-track"
    style="width: 810px;"
  >
    <nightingale-track
      display-end="46"
      display-start="1"
      height="40"
      highlight-color="#FFEB3B66"
      length="46"
      min-height="10"
      min-width="10"
      style="display: inline-block; line-height: 0; width: 100%; height: 100%;"
    >
      <!---->
      <svg
        class="container"
        height="40"
      >
        <g
          class="sequence-features"
        >
          <g
            class="feature-group"
            id="g_a1bdae00-235f-11eb-9899-4330e39f65ae"
          >
            <g
              class="location-group"
            >
              <g
                class="fragment-group"
              >
                <path
                  class="rectangle feature"
                  d="M0,0L0,0L0,15L0,15Z"
                  stroke="#9999FF"
                  style="fill: #9999FF; fill-opacity: 0.9; stroke-opacity: 0.9;"
                  transform="translate(10,12.5)"
                />
                <rect
                  class="outer-rectangle feature"
                  height="15"
                  stroke="transparent"
                  style="fill: transparent;"
                  transform="translate(10,12.5)"
                  width="0"
                />
              </g>
              <g
                class="fragment-group"
              >
                <path
                  class="line feature"
                  d="M0,7.5 L0,7.5"
                  stroke="#9999FF"
                  style="fill: #9999FF; fill-opacity: 0.9; stroke-opacity: 0.9;"
                  transform="translate(10,12.5)"
                />
                <rect
                  class="outer-rectangle feature"
                  height="15"
                  stroke="transparent"
                  style="fill: transparent;"
                  transform="translate(10,12.5)"
                  width="0"
                />
              </g>
              <g
                class="fragment-group"
              >
                <path
                  class="rectangle feature"
                  d="M0,0L0,0L0,15L0,15Z"
                  stroke="#9999FF"
                  style="fill: #9999FF; fill-opacity: 0.9; stroke-opacity: 0.9;"
                  transform="translate(10,12.5)"
                />
                <rect
                  class="outer-rectangle feature"
                  height="15"
                  stroke="transparent"
                  style="fill: transparent;"
                  transform="translate(10,12.5)"
                  width="0"
                />
              </g>
              <g
                class="fragment-group"
              >
                <path
                  class="line feature"
                  d="M0,7.5 L0,7.5"
                  stroke="#9999FF"
                  style="fill: #9999FF; fill-opacity: 0.9; stroke-opacity: 0.9;"
                  transform="translate(10,12.5)"
                />
                <rect
                  class="outer-rectangle feature"
                  height="15"
                  stroke="transparent"
                  style="fill: transparent;"
                  transform="translate(10,12.5)"
                  width="0"
                />
              </g>
              <g
                class="fragment-group"
              >
                <path
                  class="rectangle feature"
                  d="M0,0L0,0L0,15L0,15Z"
                  stroke="#9999FF"
                  style="fill: #9999FF; fill-opacity: 0.9; stroke-opacity: 0.9;"
                  transform="translate(10,12.5)"
                />
                <rect
                  class="outer-rectangle feature"
                  height="15"
                  stroke="transparent"
                  style="fill: transparent;"
                  transform="translate(10,12.5)"
                  width="0"
                />
              </g>
              <g
                class="fragment-group"
              >
                <path
                  class="line feature"
                  d="M0,7.5 L0,7.5"
                  stroke="#9999FF"
                  style="fill: #9999FF; fill-opacity: 0.9; stroke-opacity: 0.9;"
                  transform="translate(10,12.5)"
                />
                <rect
                  class="outer-rectangle feature"
                  height="15"
                  stroke="transparent"
                  style="fill: transparent;"
                  transform="translate(10,12.5)"
                  width="0"
                />
              </g>
              <g
                class="fragment-group"
              >
                <path
                  class="rectangle feature"
                  d="M0,0L0,0L0,15L0,15Z"
                  stroke="#9999FF"
                  style="fill: #9999FF; fill-opacity: 0.9; stroke-opacity: 0.9;"
                  transform="translate(10,12.5)"
                />
                <rect
                  class="outer-rectangle feature"
                  height="15"
                  stroke="transparent"
                  style="fill: transparent;"
                  transform="translate(10,12.5)"
                  width="0"
                />
              </g>
              <g
                class="fragment-group"
              >
                <path
                  class="line feature"
                  d="M0,7.5 L0,7.5"
                  stroke="#9999FF"
                  style="fill: #9999FF; fill-opacity: 0.9; stroke-opacity: 0.9;"
                  transform="translate(10,12.5)"
                />
                <rect
                  class="outer-rectangle feature"
                  height="15"
                  stroke="transparent"
                  style="fill: transparent;"
                  transform="translate(10,12.5)"
                  width="0"
                />
              </g>
              <g
                class="fragment-group"
              >
                <path
                  class="rectangle feature"
                  d="M0,0L0,0L0,15L0,15Z"
                  stroke="#9999FF"
                  style="fill: #9999FF; fill-opacity: 0.9; stroke-opacity: 0.9;"
                  transform="translate(10,12.5)"
                />
                <rect
                  class="outer-rectangle feature"
                  height="15"
                  stroke="transparent"
                  style="fill: transparent;"
                  transform="translate(10,12.5)"
                  width="0"
                />
              </g>
              <g
                class="fragment-group"
              >
                <path
                  class="line feature"
                  d="M0,7.5 L0,7.5"
                  stroke="#9999FF"
                  style="fill: #9999FF; fill-opacity: 0.9; stroke-opacity: 0.9;"
                  transform="translate(10,12.5)"
                />
                <rect
                  class="outer-rectangle feature"
                  height="15"
                  stroke="transparent"
                  style="fill: transparent;"
                  transform="translate(10,12.5)"
                  width="0"
                />
              </g>
              <g
                class="fragment-group"
              >
                <path
                  class="rectangle feature"
                  d="M0,0L0,0L0,15L0,15Z"
                  stroke="#9999FF"
                  style="fill: #9999FF; fill-opacity: 0.9; stroke-opacity: 0.9;"
                  transform="translate(10,12.5)"
                />
                <rect
                  class="outer-rectangle feature"
                  height="15"
                  stroke="transparent"
                  style="fill: transparent;"
                  transform="translate(10,12.5)"
                  width="0"
                />
              </g>
              <g
                class="fragment-group"
              >
                <path
                  class="line feature"
                  d="M0,7.5 L0,7.5"
                  stroke="#9999FF"
                  style="fill: #9999FF; fill-opacity: 0.9; stroke-opacity: 0.9;"
                  transform="translate(10,12.5)"
                />
                <rect
                  class="outer-rectangle feature"
                  height="15"
                  stroke="transparent"
                  style="fill: transparent;"
                  transform="translate(10,12.5)"
                  width="0"
                />
              </g>
              <g
                class="fragment-group"
              >
                <path
                  class="rectangle feature"
                  d="M0,0L0,0L0,15L0,15Z"
                  stroke="#9999FF"
                  style="fill: #9999FF; fill-opacity: 0.9; stroke-opacity: 0.9;"
                  transform="translate(10,12.5)"
                />
                <rect
                  class="outer-rectangle feature"
                  height="15"
                  stroke="transparent"
                  style="fill: transparent;"
                  transform="translate(10,12.5)"
                  width="0"
                />
              </g>
            </g>
          </g>
        </g>
        <g
          class="highlighted"
        />
        <g
          class="margin"
        />
      </svg>
    </nightingale-track>
  </div>
</DocumentFragment>
`;
