// Jest Snapshot v1, https://goo.gl/fbAQLP

exports[`BuscoView should render 1`] = `
<DocumentFragment>
  <div
    class="busco-view"
  >
    <protvista-track
      height="10"
      length="100"
    />
    <div
      class="busco-view__report"
    >
      n:103 · lineageDb value
    </div>
    <div>
      C:77.7% (S:7.8% D:11.7%) F:17.5% M:19.4%
    </div>
  </div>
</DocumentFragment>
`;
