// Jest Snapshot v1, https://goo.gl/fbAQLP

exports[`BuscoView should render 1`] = `
<DocumentFragment>
  <div
    class="busco-view"
  >
    <div
      class="busco-view__track"
      style="--s: 37.34397677793904%; --d: 62.191582002902756%; --f: 0.02902757619738752%;"
    />
    <div
      class="busco-view__report"
    >
      n:13780 · primates_odb10
    </div>
    <div>
      C:99.5% (S:37.3% D:62.2%) F:0% M:0.4%
    </div>
  </div>
</DocumentFragment>
`;
