// Jest Snapshot v1, https://goo.gl/fbAQLP

exports[`BuscoView should render 1`] = `
<DocumentFragment>
  <div
    class="busco-view"
  >
    <protvista-track
      height="10"
      length="100"
    />
    <div
      class="busco-view__report"
    >
      n:13780 · primates_odb10
    </div>
    <div>
      C:99.5% (S:39.1% D:60.4%) F:0% M:0.4%
    </div>
  </div>
</DocumentFragment>
`;
