// Jest Snapshot v1, https://goo.gl/fbAQLP

exports[`FeaturesView component it renders without crashing 1`] = `
<DocumentFragment>
  <h3>
    Features
  </h3>
  <p>
    Showing features for signal.
  </p>
  <protvista-manager
    attributes="highlight displaystart displayend selectedid"
  >
    <div
      class="button-group"
    >
      <protvista-zoom-tool
        length="21"
      >
        <span
          class="nightingale-button-content"
          slot="zoom-in"
        >
          <test-file-stub
            width="24"
          />
          +
        </span>
        <span
          class="nightingale-button-content"
          slot="zoom-out"
        >
          <test-file-stub
            width="24"
          />
          -
        </span>
        <span
          class="nightingale-button-content"
          slot="zoom-in-seq"
        >
          <test-file-stub
            width="24"
          />
          ATG
        </span>
      </protvista-zoom-tool>
    </div>
    <protvista-navigation
      length="21"
    />
    <protvista-track
      layout="non-overlapping"
      length="21"
    />
    <protvista-sequence
      height="20"
      length="21"
      sequence="ASDASDASASDASDASDSASD"
    />
    <protvista-datatable
      filter-scroll="true"
    />
    <div
      class="evidence-tag-content false"
    />
  </protvista-manager>
</DocumentFragment>
`;
