// Jest Snapshot v1, https://goo.gl/fbAQLP

exports[`FeaturesView component it renders without crashing 1`] = `
<DocumentFragment>
  <h3>
    Features
  </h3>
  n {
    "_attributes": Array [
      "highlight",
      "displaystart",
      "displayend",
      "selectedid",
    ],
    "attributeValues": Map {},
    "mouseOver": false,
    "propertyValues": Map {},
    "protvistaElements": Set {},
  }
</DocumentFragment>
`;
