// Jest Snapshot v1, https://goo.gl/fbAQLP

exports[`FeaturesView component it renders without crashing 1`] = `
<DocumentFragment>
  <h3>
    Features
  </h3>
  <p>
    Showing features for 
    <span
      data-article-id="signal"
    >
      signal
    </span>
    .
  </p>
  <protvista-manager
    attributes="highlight displaystart displayend selectedid"
  >
    <div
      class="datatable-with-toggle"
    >
      <protvista-datatable
        filter-scroll="true"
      >
        <table>
          <thead>
            <tr>
              <th
                data-filter="type"
              >
                Type
              </th>
              <th>
                ID
              </th>
              <th>
                Position(s)
              </th>
              <th>
                Description
              </th>
              <th />
            </tr>
          </thead>
          <tbody>
            <tr
              data-end="17"
              data-id="0"
              data-start="1"
            >
              <td
                data-filter="type"
                data-filter-value="Signal"
              >
                Signal
              </td>
              <td />
              <td>
                1-17
              </td>
              <td
                id="description1-17"
              />
              <td>
                <div
                  class="button-group"
                >
                  <a
                    class="button tertiary"
                    href="/blast?ids=P05067[1-17]"
                    title="BLAST the sequence corresponding to this feature"
                  >
                    BLAST
                  </a>
                  <button
                    class="button tertiary no-small"
                    title="Add 1 entry to the basket"
                    type="button"
                  >
                    <test-file-stub />
                    Add
                  </button>
                </div>
              </td>
            </tr>
            <tr
              data-end="17"
              data-group-for="0"
              data-start="1"
            >
              <td>
                <strong>
                  Sequence: 
                </strong>
                ASDASDASASDASDASD
              </td>
            </tr>
          </tbody>
        </table>
      </protvista-datatable>
      <button
        class="button primary toggle-button"
        type="button"
      >
        Expand table
      </button>
    </div>
  </protvista-manager>
</DocumentFragment>
`;
