// Jest Snapshot v1, https://goo.gl/fbAQLP

exports[`Keyword should render Keywords for section 1`] = `
<DocumentFragment>
  <h3>
    Keywords
  </h3>
  <ul
    class="info-list"
  >
    <li>
      <div
        class="decorated-list-item"
      >
        <div
          class="decorated-list-item__title tiny"
        >
          Cellular component
        </div>
        <div
          class="decorated-list-item__content"
        />
      </div>
    </li>
  </ul>
</DocumentFragment>
`;
