// Jest Snapshot v1, https://goo.gl/fbAQLP

exports[`ProteinNames should render protein_name 1`] = `
<DocumentFragment>
  <ul
    class="info-list"
  >
    <li>
      <div
        class="decorated-list-item"
      >
        <div
          class="decorated-list-item__title tiny"
        >
          Recommended name
        </div>
        <div
          class="decorated-list-item__content"
        >
          <strong>
            My protein
          </strong>
        </div>
      </div>
    </li>
    <li>
      <div
        class="decorated-list-item"
      >
        <div
          class="decorated-list-item__title tiny"
        >
          Short names
        </div>
        <div
          class="decorated-list-item__content"
        >
          some shorter names
        </div>
      </div>
    </li>
    <li>
      <div
        class="decorated-list-item"
      >
        <div
          class="decorated-list-item__title tiny"
        >
          Alternative names
        </div>
        <div
          class="decorated-list-item__content"
        >
          <ul
            class="expandable-list no-bullet"
          >
            <li>
              alt1
            </li>
            <li>
              alt2
            </li>
          </ul>
        </div>
      </div>
    </li>
  </ul>
</DocumentFragment>
`;
