// Jest Snapshot v1, https://goo.gl/fbAQLP

exports[`ProteomesEntryView component should render 1`] = `
<DocumentFragment>
  <ul
    class="expandable-list no-bullet"
  >
    <li>
      <ul
        class="info-list"
      >
        <li>
          <div
            class="decorated-list-item"
          >
            <div
              class="decorated-list-item__title tiny"
            >
              Identifier
            </div>
            <div
              class="decorated-list-item__content"
            >
              <a
                href="/proteomes/UP000005640"
              >
                UP000005640
              </a>
            </div>
          </div>
        </li>
        <li>
          <div
            class="decorated-list-item"
          >
            <div
              class="decorated-list-item__title tiny"
            >
              Component
            </div>
            <div
              class="decorated-list-item__content"
            >
              Chromosome 21
            </div>
          </div>
        </li>
      </ul>
    </li>
  </ul>
</DocumentFragment>
`;
