// Jest Snapshot v1, https://goo.gl/fbAQLP

exports[`VariationView component renders on data 1`] = `
<DocumentFragment>
  <protvista-datatable
    filter-scroll="true"
  >
    <table>
      <thead>
        <tr>
          <th>
            Variant
            <br />
            ID(s)
          </th>
          <th>
            Position(s)
          </th>
          <th>
            Change
          </th>
          <th>
            Description
          </th>
          <th>
            Disease
            <br />
            association
          </th>
          <th>
            Provenance
          </th>
        </tr>
      </thead>
      <tbody>
        <tr
          data-end="10"
          data-id="featureB"
          data-start="8"
        >
          <td />
          <td>
            8-10
          </td>
          <td
            class="change"
          >
            B&gt;
            <em>
              missing
            </em>
          </td>
          <td>
            <div>
              a description (uniprot)
            </div>
          </td>
          <td>
            No
          </td>
          <td />
        </tr>
        <tr
          data-end="10"
          data-group-for="featureB"
          data-start="8"
        >
          <td>
            <div>
              <strong>
                Consequence: 
              </strong>
            </div>
            <div>
              <strong>
                Somatic: 
              </strong>
               Yes
            </div>
            <div>
              <strong>
                Accession: 
              </strong>
               NC_000021.9:g.26170608A&gt;C
            </div>
            <div>
              <strong>
                Consequence type: 
              </strong>
               
            </div>
            <div>
              <strong>
                Cytogenetic band: 
              </strong>
               
            </div>
            <div>
              <strong>
                Genomic location: 
              </strong>
               
            </div>
            <div>
              <strong>
                Source type: 
              </strong>
               large scale study
            </div>
          </td>
        </tr>
        <tr
          data-end="10"
          data-id="featureA"
          data-start="10"
        >
          <td>
            rs1446208112
          </td>
          <td>
            10
          </td>
          <td
            class="change"
          >
            L&gt;A
          </td>
          <td />
          <td>
            No
          </td>
          <td>
            TOPMed
            <br />
            gnomAD
          </td>
        </tr>
        <tr
          data-end="10"
          data-group-for="featureA"
          data-start="10"
        >
          <td>
            <div>
              <strong>
                Consequence: 
              </strong>
              missense
            </div>
            <div>
              <strong>
                Predictions: 
              </strong>
              <div>
                - PolyPhen: benign (0.001)
              </div>
              <div>
                - SIFT: tolerated (0.26)
              </div>
            </div>
            <div>
              <strong>
                Somatic: 
              </strong>
               No
            </div>
            <div>
              <strong>
                Accession: 
              </strong>
               NC_000021.9:g.26170608A&gt;C
            </div>
            <div>
              <strong>
                Codon: 
              </strong>
               TTG/GTG
            </div>
            <div>
              <strong>
                Consequence type: 
              </strong>
               missense
            </div>
            <div>
              <strong>
                Cytogenetic band: 
              </strong>
               21q21.3
            </div>
            <div>
              <strong>
                Genomic location: 
              </strong>
               NC_000021.9:g.26170608A&gt;C
            </div>
            <div>
              <strong>
                Locations: 
              </strong>
              <div>
                - p.Leu5Val (Ensembl:ENST00000346798)
              </div>
              <div>
                - c.13T&gt;G (Ensembl:ENST00000346798)
              </div>
            </div>
            <div>
              <strong>
                Source type: 
              </strong>
               large scale study
            </div>
            <div>
              <strong>
                Cross-references: 
              </strong>
              <div>
                - 
                <a
                  class="external-link"
                  href=" https://www.ncbi.nlm.nih.gov/snp/rs1446208112#frequency_tab"
                  rel="noopener"
                  target="_blank"
                >
                  TOPMed: rs1446208112
                  <test-file-stub
                    data-testid="external-link-icon"
                    width="12.5"
                  />
                </a>
              </div>
              <div>
                - 
                <a
                  class="external-link"
                  href=" http://gnomad.broadinstitute.org/awesome?query=rs1446208112"
                  rel="noopener"
                  target="_blank"
                >
                  gnomAD: rs1446208112
                  <test-file-stub
                    data-testid="external-link-icon"
                    width="12.5"
                  />
                </a>
              </div>
            </div>
          </td>
        </tr>
      </tbody>
    </table>
  </protvista-datatable>
</DocumentFragment>
`;

exports[`VariationView component renders on error 1`] = `
<DocumentFragment>
  <div>
    An error happened
  </div>
</DocumentFragment>
`;

exports[`VariationView component renders on loading 1`] = `
<DocumentFragment>
  <div
    class="loader-container"
  >
    <test-file-stub
      classname="loader"
      height="100"
      width="100"
    />
  </div>
</DocumentFragment>
`;
