// Jest Snapshot v1, https://goo.gl/fbAQLP

exports[`XRefView should render section 1`] = `
<DocumentFragment>
  <h3>
    Chemistry
  </h3>
  <div
    class="datatable-wrapper"
  >
    <protvista-datatable
      filter-scroll="true"
    >
      <table>
        <thead>
          <tr>
            <th>
              Nucleotide Sequence
            </th>
            <th>
              Protein Sequence
            </th>
            <th>
              Molecule Type
            </th>
            <th>
              Status
            </th>
          </tr>
        </thead>
        <tbody
          translate="no"
        >
          <tr>
            <td>
              1234
              <br />
              <a
                class="external-link"
                href="https://www.ebi.ac.uk/ena/data/view/1234"
                rel="noopener"
                target="_blank"
              >
                EMBL
                <test-file-stub
                  data-testid="external-link-icon"
                  width="12.5"
                />
              </a>
              · 
              <a
                class="external-link"
                href="https://www.ncbi.nlm.nih.gov/nuccore/1234"
                rel="noopener"
                target="_blank"
              >
                GenBank
                <test-file-stub
                  data-testid="external-link-icon"
                  width="12.5"
                />
              </a>
              · 
              <a
                class="external-link"
                href="http://getentry.ddbj.nig.ac.jp/getentry/na/1234"
                rel="noopener"
                target="_blank"
              >
                DDBJ
                <test-file-stub
                  data-testid="external-link-icon"
                  width="12.5"
                />
              </a>
            </td>
            <td>
              -
            </td>
            <td
              translate="yes"
            >
              -
            </td>
            <td
              translate="yes"
            />
          </tr>
        </tbody>
      </table>
    </protvista-datatable>
    <button
      class="button primary toggle-button"
      type="button"
    >
      Expand table
    </button>
  </div>
</DocumentFragment>
`;
