// Jest Snapshot v1, https://goo.gl/fbAQLP

exports[`HomePage component (non-critical part) should render 1`] = `
<DocumentFragment>
  <section
    class="uniprot-grid uniprot-grid--centered home-page-section"
  >
    <h2
      class="visually-hidden"
    >
      UniProt core data
    </h2>
    <div
      class="uniprot-grid-cell--span-3 tile tile-gradient"
      style="--tile-background: #00639a; width: 100%;"
    >
      <div
        aria-hidden="true"
        class="tile__background-image"
      >
        <test-file-stub />
      </div>
      <a
        class="tile__main-content"
        href="/uniprotkb?query=*"
      >
        <span>
          <h3
            class="tile__header medium"
          >
            Proteins
          </h3>
          <h4
            class="tile__subtitle tiny"
          >
            UniProt Knowledgebase
          </h4>
        </span>
      </a>
      <small
        class="tile__description"
      >
        <span
          class="proteins-section"
        >
          <a
            href="/uniprotkb?facets=reviewed:true&query=*"
          >
            <test-file-stub
              width="2.5em"
            />
            <div
              class="proteins-section__status"
            >
              Reviewed
            </div>
            <small>
              Swiss-Prot
            </small>
          </a>
          <a
            href="/uniprotkb?facets=reviewed:false&query=*"
          >
            <test-file-stub
              width="2.5em"
            />
            <div
              class="proteins-section__status"
            >
              Unreviewed
            </div>
            <small>
              TrEMBL
            </small>
          </a>
        </span>
      </small>
    </div>
    <div
      class="uniprot-grid-cell--span-3 tile tile-gradient"
      style="--tile-background: #e56358; width: 100%;"
    >
      <div
        aria-hidden="true"
        class="tile__background-image"
      >
        <test-file-stub />
      </div>
      <a
        class="tile__main-content"
        href="/proteomes?query=*"
      >
        <span>
          <h3
            class="tile__header medium"
          >
            Species
          </h3>
          <h4
            class="tile__subtitle tiny"
          >
            Proteomes
          </h4>
        </span>
      </a>
      <small
        class="tile__description"
      >
        Protein sets for species with sequenced genomes from across the tree of life
      </small>
    </div>
    <div
      class="uniprot-grid-cell--span-3 tile tile-gradient"
      style="--tile-background: #f2994c; width: 100%;"
    >
      <div
        aria-hidden="true"
        class="tile__background-image"
      >
        <test-file-stub />
      </div>
      <a
        class="tile__main-content"
        href="/uniref?query=*"
      >
        <span>
          <h3
            class="tile__header medium"
          >
            Protein Clusters
          </h3>
          <h4
            class="tile__subtitle tiny"
          >
            UniRef
          </h4>
        </span>
      </a>
      <small
        class="tile__description"
      >
        Clusters of protein sequences at 100%, 90% & 50% identity
      </small>
    </div>
    <div
      class="uniprot-grid-cell--span-3 tile tile-gradient"
      style="--tile-background: #88c19d; width: 100%;"
    >
      <div
        aria-hidden="true"
        class="tile__background-image"
      >
        <test-file-stub />
      </div>
      <a
        class="tile__main-content"
        href="/uniparc?query=*"
      >
        <span>
          <h3
            class="tile__header medium"
          >
            Sequence Archive
          </h3>
          <h4
            class="tile__subtitle tiny"
          >
            UniParc
          </h4>
        </span>
      </a>
      <small
        class="tile__description"
      >
        Non-redundant archive of publicly available protein sequences seen across different databases
      </small>
    </div>
  </section>
  <section
    class="hero-container uniprot-grid uniprot-grid--centered uniprot-grid--with-bleed home-page-section"
  >
    <div
      class="uniprot-grid-cell--span-3"
    >
      <h3
        class="supporting-data-section__header"
      >
        Supporting Data
      </h3>
    </div>
    <div
      class="uniprot-grid-cell--span-3"
    >
      <div
        class="decorated-list-item decorated-list-item--compact decorated-list-item--alt-style"
      >
        <div
          class="decorated-list-item__content"
        >
          <a
            href="/taxonomy?query=*"
          >
            Taxonomy
          </a>
        </div>
      </div>
    </div>
    <div
      class="uniprot-grid-cell--span-3"
    >
      <div
        class="decorated-list-item decorated-list-item--compact decorated-list-item--alt-style"
      >
        <div
          class="decorated-list-item__content"
        >
          <a
            href="/locations?query=*"
          >
            Subcellular locations
          </a>
        </div>
      </div>
    </div>
    <div
      class="uniprot-grid-cell--span-3"
    >
      <div
        class="decorated-list-item decorated-list-item--compact decorated-list-item--alt-style"
      >
        <div
          class="decorated-list-item__content"
        >
          <a
            href="//www.uniprot.org/unirule"
          >
            UniRule automatic annotation
          </a>
        </div>
      </div>
    </div>
    <div
      class="uniprot-grid-cell--span-3"
      style="display: inline-flex;"
    >
      <div
        class="decorated-list-item decorated-list-item--compact decorated-list-item--inline decorated-list-item--alt-style"
      >
        <div
          class="decorated-list-item__content"
        >
          <a
            href="/diseases?query=*"
          >
            Diseases
          </a>
        </div>
      </div>
      <div
        class="decorated-list-item decorated-list-item--compact decorated-list-item--inline decorated-list-item--alt-style"
      >
        <div
          class="decorated-list-item__content"
        >
          <a
            href="/keywords?query=*"
          >
            Keywords
          </a>
        </div>
      </div>
    </div>
    <div
      class="uniprot-grid-cell--span-3"
    >
      <div
        class="decorated-list-item decorated-list-item--compact decorated-list-item--alt-style"
      >
        <div
          class="decorated-list-item__content"
        >
          <a
            href="/citations?query=*"
          >
            Literature Citations
          </a>
        </div>
      </div>
    </div>
    <div
      class="uniprot-grid-cell--span-3"
    >
      <div
        class="decorated-list-item decorated-list-item--compact decorated-list-item--alt-style"
      >
        <div
          class="decorated-list-item__content"
        >
          <a
            href="/database?query=*"
          >
            Cross-referenced databases
          </a>
        </div>
      </div>
    </div>
    <div
      class="uniprot-grid-cell--span-3"
    >
      <div
        class="decorated-list-item decorated-list-item--compact decorated-list-item--alt-style"
      >
        <div
          class="decorated-list-item__content"
        >
          <a
            href="//www.uniprot.org/arba"
          >
            ARBA automatic annotation
          </a>
        </div>
      </div>
    </div>
  </section>
  <section
    class="hero-container uniprot-grid uniprot-grid--centered uniprot-grid--with-bleed home-page-section"
  >
    <h2
      class="uniprot-grid-cell--span-12 hero-container__title medium"
    >
      News
    </h2>
    <div
      class="placeholder uniprot-grid-cell--span-12"
    >
      <test-file-stub
        preserveaspectratio="none"
      />
    </div>
  </section>
  <section
    class="hero-container uniprot-grid uniprot-grid--centered uniprot-grid--with-bleed home-page-section"
  >
    <h2
      class="uniprot-grid-cell--span-12 hero-container__title medium"
    >
      Analysis Tools
    </h2>
    <div
      class="uniprot-grid-cell--span-3 tile tile-gradient"
      style="--tile-background: #00A6D5; width: 100%;"
    >
      <div
        aria-hidden="true"
        class="tile__background-image"
      >
        <test-file-stub />
      </div>
      <a
        class="tile__main-content"
        href="/blast"
      >
        <span>
          <h3
            class="tile__header medium"
          >
            BLAST
          </h3>
        </span>
      </a>
      <small
        class="tile__description"
      >
        Search with a sequence to find homologs through pairwise sequence alignment
      </small>
    </div>
    <div
      class="uniprot-grid-cell--span-3 tile tile-gradient"
      style="--tile-background: #B8CE48; width: 100%;"
    >
      <div
        aria-hidden="true"
        class="tile__background-image"
      >
        <test-file-stub />
      </div>
      <a
        class="tile__main-content"
        href="/align"
      >
        <span>
          <h3
            class="tile__header medium"
          >
            Align
          </h3>
        </span>
      </a>
      <small
        class="tile__description"
      >
        Align two or more protein sequences with Clustal Omega to find conserved regions
      </small>
    </div>
    <div
      class="uniprot-grid-cell--span-3 tile tile-gradient"
      style="--tile-background: #357B92; width: 100%;"
    >
      <div
        aria-hidden="true"
        class="tile__background-image"
      >
        <test-file-stub />
      </div>
      <a
        class="tile__main-content"
        href="/id-mapping"
      >
        <span>
          <h3
            class="tile__header medium"
          >
            Search with Lists Map IDs
          </h3>
        </span>
      </a>
      <small
        class="tile__description"
      >
        Find proteins with lists of UniProt IDs or convert from/to other database IDs
      </small>
    </div>
    <div
      class="uniprot-grid-cell--span-3 tile tile-gradient"
      style="--tile-background: #A748BD; width: 100%;"
    >
      <div
        aria-hidden="true"
        class="tile__background-image"
      >
        <test-file-stub />
      </div>
      <a
        class="tile__main-content"
        href="/peptide-search"
      >
        <span>
          <h3
            class="tile__header medium"
          >
            Search Peptides
          </h3>
        </span>
      </a>
      <small
        class="tile__description"
      >
        Search with a peptide sequence to find all UniProt proteins that contain exact matches
      </small>
    </div>
  </section>
  <section
    class="hero-container uniprot-grid uniprot-grid--centered uniprot-grid--with-bleed home-page-section"
  >
    <h2
      class="uniprot-grid-cell--span-12 hero-container__title medium"
    >
      Need Help?
    </h2>
    <div
      class="placeholder uniprot-grid-cell--span-12"
    >
      <test-file-stub
        preserveaspectratio="none"
      />
    </div>
  </section>
  <section
    class="hero-container uniprot-grid uniprot-grid--centered uniprot-grid--with-bleed home-page-section"
  >
    <h2
      class="uniprot-grid-cell--span-12 hero-container__title medium"
    >
      UniProt data
    </h2>
    <div
      class="uniprot-grid-cell--span-3 tile tile-gradient"
      style="--tile-background: #4e5a71; width: 100%;"
    >
      <div
        aria-hidden="true"
        class="tile__background-image"
      >
        <test-file-stub />
      </div>
      <a
        class="external-link tile__main-content"
        href="https://ftp.uniprot.org/pub/databases/uniprot/"
        rel="noopener"
        target="_blank"
      >
        <span>
          <h3
            class="tile__header medium"
          >
            FTP Download
          </h3>
        </span>
      </a>
      <small
        class="tile__description"
      >
        Download UniProt release data
      </small>
    </div>
    <div
      class="uniprot-grid-cell--span-3 tile tile-gradient"
      style="--tile-background: #4e5a71; width: 100%;"
    >
      <div
        aria-hidden="true"
        class="tile__background-image"
      >
        <test-file-stub />
      </div>
      <a
        class="external-link tile__main-content"
        href="https://www.uniprot.org/help/technical"
        rel="noopener"
        target="_blank"
      >
        <span>
          <h3
            class="tile__header medium"
          >
            Technical Documentation
          </h3>
        </span>
      </a>
      <small
        class="tile__description"
      >
        Manuals, schemas and ontology descriptions
      </small>
    </div>
    <div
      class="uniprot-grid-cell--span-3 tile tile-gradient"
      style="--tile-background: #4e5a71; width: 100%;"
    >
      <div
        aria-hidden="true"
        class="tile__background-image"
      >
        <test-file-stub />
      </div>
      <a
        class="external-link tile__main-content"
        href="https://www.uniprot.org/help/programmatic_access"
        rel="noopener"
        target="_blank"
      >
        <span>
          <h3
            class="tile__header medium"
          >
            Programmatic Access
          </h3>
        </span>
      </a>
      <small
        class="tile__description"
      >
        Query UniProt data using APIs providing REST, SPARQL and Java services
      </small>
    </div>
    <div
      class="uniprot-grid-cell--span-3 tile tile-gradient"
      style="--tile-background: #4e5a71; width: 100%;"
    >
      <div
        aria-hidden="true"
        class="tile__background-image"
      >
        <test-file-stub />
      </div>
      <a
        class="external-link tile__main-content"
        href="https://www.uniprot.org/help/submissions"
        rel="noopener"
        target="_blank"
      >
        <span>
          <h3
            class="tile__header medium"
          >
            Submit Data
          </h3>
        </span>
      </a>
      <small
        class="tile__description"
      >
        Submit your sequences, publications and annotation updates
      </small>
    </div>
  </section>
</DocumentFragment>
`;
