// Jest Snapshot v1, https://goo.gl/fbAQLP

exports[`HomePage component should render 1`] = `
<DocumentFragment>
  <main>
    <div
      class="hero-header home-page__header"
    >
      <div
        class="hero-header__content"
      >
        <h1>
          Find your 
          <button
            class="letter-group"
            tabindex="-1"
            type="button"
          >
            protein
          </button>
        </h1>
        <section
          class="uniprot-grid uniprot-grid--centered"
        >
          <section
            class="uniprot-grid-cell--span-12"
          >
            <form
              class="main-search"
              data-testid="main-search-form"
              style="--main-button-color: #00639a;"
            >
              <div
                class="dropdown-container"
              >
                <button
                  class="button primary dropdown"
                  type="button"
                >
                  UniProtKB
                </button>
                <div
                  class="dropdown-menu"
                />
              </div>
              <input
                class="main-search__input"
                data-testid="main-search-input"
                type="text"
                value=""
              />
              <button
                class="button primary"
                type="submit"
              >
                Search
              </button>
            </form>
            <section
              class="search-container-footer"
            >
              <section>
                Examples: 
                <button
                  class="button tertiary"
                  type="button"
                >
                  p53
                </button>
                , 
                <button
                  class="button tertiary"
                  type="button"
                >
                  Human EGFR
                </button>
                , 
                <button
                  class="button tertiary"
                  type="button"
                >
                  Albumin
                </button>
              </section>
              <section>
                <a
                  class="button tertiary"
                  href="/uploadlists"
                >
                  Search with a list of IDs
                </a>
              </section>
            </section>
          </section>
        </section>
      </div>
      <div
        class="hero-header__footer"
      >
        UniProt is the world’s leading high-quality, comprehensive and freely accessible resource of protein sequence and functional information.
      </div>
    </div>
    <div
      class="loader-container"
    >
      <test-file-stub
        classname="loader"
        height="100"
        width="100"
      />
    </div>
  </main>
</DocumentFragment>
`;
