// Jest Snapshot v1, https://goo.gl/fbAQLP

exports[`ErrorComponent should render 1`] = `
<DocumentFragment>
  <div
    class="error-component"
  >
    <div
      class="message message--failure"
      role="status"
    >
      <div
        class="message__side-border"
      />
      <test-file-stub
        classname="message--icon-align-top"
        height="1.125em"
        width="1.125em"
      />
      <div
        class="message__title"
      >
        <small>
          <h5>
            An unexpected issue occurred
          </h5>
          <p>
            You can try to reload the page, use the rest of this page, or go back to the previous page.
            <br />
            Make sure that 
            <a
              href="/help/browser_support"
            >
              your browser is up to date
            </a>
             as older versions might not work with the new website.
          </p>
          <p>
            If the error persists, please 
            <a
              href="https://goo.gl/forms/VrAGbqg2XFg6Mpbh1"
              rel="noopener noreferrer"
              target="_blank"
            >
              report this bug here
            </a>
            .
          </p>
        </small>
      </div>
    </div>
  </div>
</DocumentFragment>
`;
