// Jest Snapshot v1, https://jestjs.io/docs/snapshot-testing

exports[`ColumnSelect component should render 1`] = `
<DocumentFragment>
  <div
    class="column-select"
  >
    <div
      class="column-select-drag-drop"
    >
      <span
        aria-describedby="DndDescribedBy-0"
        aria-disabled="false"
        aria-roledescription="sortable"
        class="chip sortable-item"
        role="button"
        style="opacity: 1;"
        tabindex="0"
      >
        Protein names
        <test-file-stub
          data-testid="remove-icon"
        />
      </span>
      <span
        aria-describedby="DndDescribedBy-0"
        aria-disabled="false"
        aria-roledescription="sortable"
        class="chip sortable-item"
        role="button"
        style="opacity: 1;"
        tabindex="0"
      >
        Organism
        <test-file-stub
          data-testid="remove-icon"
        />
      </span>
    </div>
    <div
      id="DndDescribedBy-0"
      style="display: none;"
    >
      
    To pick up a draggable item, press the space bar.
    While dragging, use the arrow keys to move the item.
    Press space again to drop the item in its new position, or press escape to cancel.
  
    </div>
    <div
      aria-atomic="true"
      aria-live="assertive"
      id="DndLiveRegion-0"
      role="status"
      style="position: fixed; top: 0px; left: 0px; width: 1px; height: 1px; margin: -1px; border: 0px; padding: 0px; overflow: hidden; clip-path: inset(100%); white-space: nowrap;"
    />
    <span
      class="search-input"
    >
      <input
        data-testid="search-input"
        placeholder="Search for available columns"
        type="search"
        value=""
      />
      <span
        class="search-input__suffix"
        data-testid="search-input-suffix"
        role="presentation"
      >
        <test-file-stub
          height="14"
          width="14"
        />
      </span>
    </span>
    <div
      class="accordion"
    >
      <button
        class="accordion__title"
        type="button"
      >
        <span>
          UniProt Data
        </span>
        <span
          class="bubble--small"
        >
          2
        </span>
        <test-file-stub
          height="16"
          width="16"
        />
      </button>
      <div
        class="accordion__content"
      >
        <ul
          class="no-bullet accordion-search__list"
        >
          <div
            class="accordion"
          >
            <button
              class="accordion__title"
              type="button"
            >
              <span>
                Names & Taxonomy
              </span>
              <span
                class="bubble--small"
              >
                2
              </span>
              <test-file-stub
                height="16"
                width="16"
              />
            </button>
          </div>
          <div
            class="accordion"
          >
            <button
              class="accordion__title"
              type="button"
            >
              <span>
                Sequences
              </span>
              <test-file-stub
                height="16"
                width="16"
              />
            </button>
          </div>
          <div
            class="accordion"
          >
            <button
              class="accordion__title"
              type="button"
            >
              <span>
                Function
              </span>
              <test-file-stub
                height="16"
                width="16"
              />
            </button>
          </div>
          <div
            class="accordion"
          >
            <button
              class="accordion__title"
              type="button"
            >
              <span>
                Miscellaneous
              </span>
              <test-file-stub
                height="16"
                width="16"
              />
            </button>
          </div>
          <div
            class="accordion"
          >
            <button
              class="accordion__title"
              type="button"
            >
              <span>
                Interaction
              </span>
              <test-file-stub
                height="16"
                width="16"
              />
            </button>
          </div>
          <div
            class="accordion"
          >
            <button
              class="accordion__title"
              type="button"
            >
              <span>
                Expression
              </span>
              <test-file-stub
                height="16"
                width="16"
              />
            </button>
          </div>
          <div
            class="accordion"
          >
            <button
              class="accordion__title"
              type="button"
            >
              <span>
                Gene Ontology (GO)
              </span>
              <test-file-stub
                height="16"
                width="16"
              />
            </button>
          </div>
          <div
            class="accordion"
          >
            <button
              class="accordion__title"
              type="button"
            >
              <span>
                Pathology & Biotech
              </span>
              <test-file-stub
                height="16"
                width="16"
              />
            </button>
          </div>
          <div
            class="accordion"
          >
            <button
              class="accordion__title"
              type="button"
            >
              <span>
                Subcellular location
              </span>
              <test-file-stub
                height="16"
                width="16"
              />
            </button>
          </div>
          <div
            class="accordion"
          >
            <button
              class="accordion__title"
              type="button"
            >
              <span>
                PTM / Processing
              </span>
              <test-file-stub
                height="16"
                width="16"
              />
            </button>
          </div>
          <div
            class="accordion"
          >
            <button
              class="accordion__title"
              type="button"
            >
              <span>
                Structure
              </span>
              <test-file-stub
                height="16"
                width="16"
              />
            </button>
          </div>
          <div
            class="accordion"
          >
            <button
              class="accordion__title"
              type="button"
            >
              <span>
                Publications
              </span>
              <test-file-stub
                height="16"
                width="16"
              />
            </button>
          </div>
          <div
            class="accordion"
          >
            <button
              class="accordion__title"
              type="button"
            >
              <span>
                Date of
              </span>
              <test-file-stub
                height="16"
                width="16"
              />
            </button>
          </div>
          <div
            class="accordion"
          >
            <button
              class="accordion__title"
              type="button"
            >
              <span>
                Family & Domains
              </span>
              <test-file-stub
                height="16"
                width="16"
              />
            </button>
          </div>
        </ul>
      </div>
    </div>
    <div
      class="accordion"
    >
      <button
        class="accordion__title"
        type="button"
      >
        <span>
          External Resources
        </span>
        <test-file-stub
          height="16"
          width="16"
        />
      </button>
    </div>
  </div>
</DocumentFragment>
`;
