// Jest Snapshot v1, https://goo.gl/fbAQLP

exports[`ColumnSelect component should render 1`] = `
<DocumentFragment>
  <div
    class="column-select"
  >
    <div
      class="column-select-drag-drop__list"
      data-rbd-droppable-context-id="0"
      data-rbd-droppable-id="droppable"
    >
      <div
        aria-describedby="rbd-hidden-text-0-hidden-text-0"
        data-rbd-drag-handle-context-id="0"
        data-rbd-drag-handle-draggable-id="protein_name"
        data-rbd-draggable-context-id="0"
        data-rbd-draggable-id="protein_name"
        draggable="false"
        role="button"
        tabindex="0"
      >
        <span
          class="chip"
        >
          Protein names
          <test-file-stub
            data-testid="remove-icon"
          />
        </span>
      </div>
      <div
        aria-describedby="rbd-hidden-text-0-hidden-text-0"
        data-rbd-drag-handle-context-id="0"
        data-rbd-drag-handle-draggable-id="organism_name"
        data-rbd-draggable-context-id="0"
        data-rbd-draggable-id="organism_name"
        draggable="false"
        role="button"
        tabindex="0"
      >
        <span
          class="chip"
        >
          Organism
          <test-file-stub
            data-testid="remove-icon"
          />
        </span>
      </div>
    </div>
    <span
      class="search-input"
    >
      <input
        data-testid="search-input"
        placeholder="Search for available columns"
        type="search"
        value=""
      />
      <span
        class="search-input__suffix"
        data-testid="search-input-suffix"
        role="presentation"
      >
        <test-file-stub
          height="14"
          width="14"
        />
      </span>
    </span>
    <div
      class="accordion"
    >
      <button
        class="accordion__title"
        type="button"
      >
        <span>
          UniProt Data
        </span>
        <span
          class="bubble--small"
        >
          2
        </span>
        <test-file-stub
          height="16"
          width="16"
        />
      </button>
      <div
        class="accordion__content"
      >
        <ul
          class="no-bullet accordion-search__list"
        >
          <div
            class="accordion"
          >
            <button
              class="accordion__title"
              type="button"
            >
              <span>
                Names & Taxonomy
              </span>
              <span
                class="bubble--small"
              >
                2
              </span>
              <test-file-stub
                height="16"
                width="16"
              />
            </button>
          </div>
          <div
            class="accordion"
          >
            <button
              class="accordion__title"
              type="button"
            >
              <span>
                Sequences
              </span>
              <test-file-stub
                height="16"
                width="16"
              />
            </button>
          </div>
          <div
            class="accordion"
          >
            <button
              class="accordion__title"
              type="button"
            >
              <span>
                Function
              </span>
              <test-file-stub
                height="16"
                width="16"
              />
            </button>
          </div>
          <div
            class="accordion"
          >
            <button
              class="accordion__title"
              type="button"
            >
              <span>
                Miscellaneous
              </span>
              <test-file-stub
                height="16"
                width="16"
              />
            </button>
          </div>
          <div
            class="accordion"
          >
            <button
              class="accordion__title"
              type="button"
            >
              <span>
                Interaction
              </span>
              <test-file-stub
                height="16"
                width="16"
              />
            </button>
          </div>
          <div
            class="accordion"
          >
            <button
              class="accordion__title"
              type="button"
            >
              <span>
                Expression
              </span>
              <test-file-stub
                height="16"
                width="16"
              />
            </button>
          </div>
          <div
            class="accordion"
          >
            <button
              class="accordion__title"
              type="button"
            >
              <span>
                Gene Ontology (GO)
              </span>
              <test-file-stub
                height="16"
                width="16"
              />
            </button>
          </div>
          <div
            class="accordion"
          >
            <button
              class="accordion__title"
              type="button"
            >
              <span>
                Pathology & Biotech
              </span>
              <test-file-stub
                height="16"
                width="16"
              />
            </button>
          </div>
          <div
            class="accordion"
          >
            <button
              class="accordion__title"
              type="button"
            >
              <span>
                Subcellular location
              </span>
              <test-file-stub
                height="16"
                width="16"
              />
            </button>
          </div>
          <div
            class="accordion"
          >
            <button
              class="accordion__title"
              type="button"
            >
              <span>
                PTM / Processing
              </span>
              <test-file-stub
                height="16"
                width="16"
              />
            </button>
          </div>
          <div
            class="accordion"
          >
            <button
              class="accordion__title"
              type="button"
            >
              <span>
                Structure
              </span>
              <test-file-stub
                height="16"
                width="16"
              />
            </button>
          </div>
          <div
            class="accordion"
          >
            <button
              class="accordion__title"
              type="button"
            >
              <span>
                Publications
              </span>
              <test-file-stub
                height="16"
                width="16"
              />
            </button>
          </div>
          <div
            class="accordion"
          >
            <button
              class="accordion__title"
              type="button"
            >
              <span>
                Date of
              </span>
              <test-file-stub
                height="16"
                width="16"
              />
            </button>
          </div>
          <div
            class="accordion"
          >
            <button
              class="accordion__title"
              type="button"
            >
              <span>
                Family & Domains
              </span>
              <test-file-stub
                height="16"
                width="16"
              />
            </button>
          </div>
        </ul>
      </div>
    </div>
    <div
      class="accordion"
    >
      <button
        class="accordion__title"
        type="button"
      >
        <span>
          External Resources
        </span>
        <test-file-stub
          height="16"
          width="16"
        />
      </button>
    </div>
  </div>
</DocumentFragment>
`;
