// Jest Snapshot v1, https://goo.gl/fbAQLP

exports[`SimilarProteins tests should fetch data and render 1`] = `
<DocumentFragment>
  <div
    class="tabs"
  >
    <div
      class="tabs__header"
      role="tablist"
    >
      <div
        aria-controls="0"
        class="tabs__header__item tabs__header__item--active"
        data-target="UniRef100"
        data-testid="tab-title"
        role="tab"
        tabindex="0"
      >
        100% identity
      </div>
      <div
        aria-controls="0"
        class="tabs__header__item"
        data-target="UniRef90"
        data-testid="tab-title"
        role="tab"
        tabindex="0"
      >
        90% identity
      </div>
      <div
        aria-controls="0"
        class="tabs__header__item"
        data-target="UniRef50"
        data-testid="tab-title"
        role="tab"
        tabindex="0"
      >
        50% identity
      </div>
    </div>
    <div
      data-testid="tab-content"
      id="0"
      role="tabpanel"
    >
      <section
        class="text-block"
      >
        <h4>
          P05067-1
        </h4>
        <section>
          <a
            href="/uniref/UniRef100_P05067"
          >
            UniRef100_P05067
          </a>
          <table
            class="data-table data-table--compact"
          >
            <thead>
              <tr>
                <th
                  class=""
                />
                <th
                  class=""
                >
                  Protein name
                </th>
                <th
                  class=""
                >
                  Organism
                </th>
                <th
                  class=""
                >
                  Length
                </th>
              </tr>
            </thead>
            <tbody>
              <tr>
                <td>
                  <span
                    class="entry-title__status icon--unreviewed"
                    title="This marks an unreviewed UniProtKB entry"
                  >
                    <test-file-stub />
                  </span>
                </td>
                <td>
                  <a
                    href="/uniprotkb/A0A2J8MQ83"
                  >
                    Amyloid-beta A4 protein
                  </a>
                </td>
                <td>
                  <a
                    href="/taxonomy/9598"
                    title="Pan troglodytes (Chimpanzee), taxon ID 9598"
                  >
                    Pan troglodytes (Chimpanzee)
                  </a>
                </td>
                <td>
                  180
                </td>
              </tr>
              <tr>
                <td>
                  <span
                    class="entry-title__status icon--unreviewed"
                    title="This marks an unreviewed UniProtKB entry"
                  >
                    <test-file-stub />
                  </span>
                </td>
                <td>
                  <a
                    href="/uniprotkb/A0A2J8UKJ9"
                  >
                    Amyloid-beta A4 protein
                  </a>
                </td>
                <td>
                  <a
                    href="/taxonomy/9601"
                    title="Pongo abelii (Sumatran orangutan) (Pongo pygmaeus abelii), taxon ID 9601"
                  >
                    Pongo abelii (Sumatran orangutan) (Pongo pygmaeus abelii)
                  </a>
                </td>
                <td>
                  180
                </td>
              </tr>
            </tbody>
          </table>
          <a
            href="/uniprotkb?query=(uniref_cluster_100:UniRef100_P05067) AND NOT (accession:P05067)"
          >
            Show all (2) UniProtKB entries
          </a>
        </section>
        <hr />
      </section>
      <section
        class="text-block"
      >
        <h4>
          P05067-4
        </h4>
        <section>
          <a
            href="/uniref/UniRef100_P05067-4"
          >
            UniRef100_P05067-4
          </a>
          <table
            class="data-table data-table--compact"
          >
            <thead>
              <tr>
                <th
                  class=""
                />
                <th
                  class=""
                >
                  Protein name
                </th>
                <th
                  class=""
                >
                  Organism
                </th>
                <th
                  class=""
                >
                  Length
                </th>
              </tr>
            </thead>
            <tbody>
              <tr>
                <td>
                  <span
                    class="entry-title__status icon--unreviewed"
                    title="This marks an unreviewed UniProtKB entry"
                  >
                    <test-file-stub />
                  </span>
                </td>
                <td>
                  <a
                    href="/uniprotkb/A0A2J8MQ83"
                  >
                    Amyloid-beta A4 protein
                  </a>
                </td>
                <td>
                  <a
                    href="/taxonomy/9598"
                    title="Pan troglodytes (Chimpanzee), taxon ID 9598"
                  >
                    Pan troglodytes (Chimpanzee)
                  </a>
                </td>
                <td>
                  180
                </td>
              </tr>
              <tr>
                <td>
                  <span
                    class="entry-title__status icon--unreviewed"
                    title="This marks an unreviewed UniProtKB entry"
                  >
                    <test-file-stub />
                  </span>
                </td>
                <td>
                  <a
                    href="/uniprotkb/A0A2J8UKJ9"
                  >
                    Amyloid-beta A4 protein
                  </a>
                </td>
                <td>
                  <a
                    href="/taxonomy/9601"
                    title="Pongo abelii (Sumatran orangutan) (Pongo pygmaeus abelii), taxon ID 9601"
                  >
                    Pongo abelii (Sumatran orangutan) (Pongo pygmaeus abelii)
                  </a>
                </td>
                <td>
                  180
                </td>
              </tr>
            </tbody>
          </table>
          <a
            href="/uniprotkb?query=(uniref_cluster_100:UniRef100_P05067-4) AND NOT (accession:P05067-4)"
          >
            Show all (2) UniProtKB entries
          </a>
        </section>
        <hr />
      </section>
      <a
        class="button primary"
        href="/uniprotkb?query=uniref_cluster_100:UniRef100_P05067 OR uniref_cluster_100:UniRef100_P05067-4"
      >
        View all
      </a>
    </div>
  </div>
</DocumentFragment>
`;
