// Jest Snapshot v1, https://goo.gl/fbAQLP

exports[`EntryMain view should render 1`] = `
<DocumentFragment>
  <section
    class="card"
  >
    <div>
      <div
        class="card__header"
      >
        <h2
          class="card__title"
        >
          Overview
        </h2>
      </div>
      <div
        class="card__content"
      >
        <ul
          class="info-list info-list--columns"
        >
          <li>
            <div
              class="decorated-list-item decorated-list-item--compact"
            >
              <div
                class="decorated-list-item__title"
              >
                <h5
                  class="bold"
                >
                  Status
                </h5>
              </div>
              <div
                class="decorated-list-item__content"
              >
                Redundant proteome
              </div>
            </div>
          </li>
          <li>
            <div
              class="decorated-list-item decorated-list-item--compact"
            >
              <div
                class="decorated-list-item__title"
              >
                <h5
                  class="bold"
                >
                  Protein Count
                </h5>
              </div>
              <div
                class="decorated-list-item__content"
              >
                <a
                  href="/uniprotkb?query=proteome:UP000005640"
                >
                  18
                </a>
              </div>
            </div>
          </li>
          <li>
            <div
              class="decorated-list-item decorated-list-item--compact"
            >
              <div
                class="decorated-list-item__title"
              >
                <h5
                  class="bold"
                >
                  Gene Count
                </h5>
              </div>
              <div
                class="decorated-list-item__content"
              >
                28 
                <a
                  href="https://ftp.uniprot.org/pub/databases/uniprot/current_release/knowledgebase/reference_proteomes/Eukaryota/UP000005640/UP000005640_9606.fasta.gz"
                >
                  Download one protein sequence per gene (FASTA)
                </a>
              </div>
            </div>
          </li>
          <li>
            <div
              class="decorated-list-item decorated-list-item--compact"
            >
              <div
                class="decorated-list-item__title"
              >
                <h5
                  class="bold"
                >
                  Proteome ID
                </h5>
              </div>
              <div
                class="decorated-list-item__content"
              >
                UP000005640
              </div>
            </div>
          </li>
          <li>
            <div
              class="decorated-list-item decorated-list-item--compact"
            >
              <div
                class="decorated-list-item__title"
              >
                <h5
                  class="bold"
                >
                  Taxonomy
                </h5>
              </div>
              <div
                class="decorated-list-item__content"
              >
                <a
                  href="/taxonomy/9606"
                  title="Homo sapiens (Human), taxon ID 9606"
                >
                  Homo sapiens (Human)
                </a>
              </div>
            </div>
          </li>
          <li>
            <div
              class="decorated-list-item decorated-list-item--compact"
            >
              <div
                class="decorated-list-item__title"
              >
                <h5
                  class="bold"
                >
                  Last modified
                </h5>
              </div>
              <div
                class="decorated-list-item__content"
              >
                <time>
                  2015-11-05
                </time>
              </div>
            </div>
          </li>
          <li>
            <div
              class="decorated-list-item decorated-list-item--compact"
            >
              <div
                class="decorated-list-item__title"
              >
                <h5
                  class="bold"
                >
                  Genome assembly and annotation
                </h5>
              </div>
              <div
                class="decorated-list-item__content"
              >
                <a
                  href="/url value"
                >
                  id value from EnsemblMetazoa
                </a>
              </div>
            </div>
          </li>
          <li>
            <div
              class="decorated-list-item decorated-list-item--compact"
            >
              <div
                class="decorated-list-item__title"
              >
                <h5
                  class="bold"
                >
                  Genome representation
                </h5>
              </div>
              <div
                class="decorated-list-item__content"
              >
                Full
              </div>
            </div>
          </li>
          <li>
            <div
              class="decorated-list-item decorated-list-item--compact"
            >
              <div
                class="decorated-list-item__title"
              >
                <h5
                  class="bold"
                >
                  <abbr
                    title="Complete Proteome Detector"
                  >
                    CPD
                  </abbr>
                </h5>
              </div>
              <div
                class="decorated-list-item__content"
              >
                Standard
              </div>
            </div>
          </li>
          <li>
            <div
              class="decorated-list-item decorated-list-item--compact"
            >
              <div
                class="decorated-list-item__title"
              >
                <h5
                  class="bold"
                >
                  <abbr
                    title="Benchmarking Universal Single-Copy Orthologs"
                  >
                    BUSCO
                  </abbr>
                </h5>
              </div>
              <div
                class="decorated-list-item__content"
              >
                <div
                  class="busco"
                >
                  <div
                    class="busco__legend"
                  >
                    <span
                      class="busco-legend-item"
                    >
                      <span
                        class="busco-legend-item__swatch"
                        style="background-color: rgb(188, 232, 117);"
                      />
                      <span
                        class="busco-legend-item__label"
                      >
                        Single
                      </span>
                    </span>
                    <span
                      class="busco-legend-item"
                    >
                      <span
                        class="busco-legend-item__swatch"
                        style="background-color: rgb(11, 165, 166);"
                      />
                      <span
                        class="busco-legend-item__label"
                      >
                        Duplicated
                      </span>
                    </span>
                    <span
                      class="busco-legend-item"
                    >
                      <span
                        class="busco-legend-item__swatch"
                        style="background-color: rgb(238, 203, 164);"
                      />
                      <span
                        class="busco-legend-item__label"
                      >
                        Fragmented
                      </span>
                    </span>
                    <span
                      class="busco-legend-item"
                    >
                      <span
                        class="busco-legend-item__swatch"
                        style="background-color: rgb(49, 75, 180);"
                      />
                      <span
                        class="busco-legend-item__label"
                      >
                        Missing
                      </span>
                    </span>
                  </div>
                  <div
                    class="busco-view"
                  >
                    <protvista-track
                      height="10"
                      length="100"
                    />
                    <div
                      class="busco-view__report"
                    >
                      n:103 · lineageDb value
                    </div>
                    <div>
                      C:77.7% (S:7.8% D:11.7%) F:17.5% M:19.4%
                    </div>
                  </div>
                </div>
              </div>
            </div>
          </li>
        </ul>
        <div
          class="description"
        >
          <hr />
          <p>
            about some proteome
          </p>
        </div>
      </div>
    </div>
  </section>
  <section
    class="card"
  >
    <div>
      <div
        class="card__header"
      >
        <h2
          class="card__title"
        >
          Components
        </h2>
      </div>
      <div
        class="card__content"
      >
        <div
          class="button-group"
        >
          <button
            class="button tertiary"
            type="button"
          >
            <test-file-stub />
            Download
          </button>
          <a
            class="button tertiary"
            href="/uniprotkb?query=(proteome:UP000005640)"
          >
            View proteins
          </a>
        </div>
        <table
          class="data-table data-table--compact data-table--fixed"
        >
          <thead>
            <tr>
              <th
                class="data-table__header-cell--checkbox"
              >
                 
              </th>
              <th
                class=""
              >
                Component name
              </th>
              <th
                class=""
              >
                Genome accession(s)
              </th>
              <th
                class=""
              >
                Proteins
              </th>
            </tr>
          </thead>
          <tbody>
            <tr>
              <td>
                <input
                  aria-label="name"
                  data-id="name"
                  type="checkbox"
                />
              </td>
              <td
                class="data-table__cell--ellipsis"
              >
                name
              </td>
              <td
                class="data-table__cell--ellipsis"
              >
                <a
                  class="external-link"
                  href="//www.ebi.ac.uk/ena/browser/view/ACA121"
                  rel="noopener"
                  target="_blank"
                >
                  ACA121
                  <test-file-stub
                    data-testid="external-link-icon"
                    width="12.5"
                  />
                </a>
                , 
                <a
                  class="external-link"
                  href="//www.ebi.ac.uk/ena/browser/view/ACA122"
                  rel="noopener"
                  target="_blank"
                >
                  ACA122
                  <test-file-stub
                    data-testid="external-link-icon"
                    width="12.5"
                  />
                </a>
              </td>
              <td
                class="data-table__cell--ellipsis"
              >
                <a
                  href="/uniprotkb?query=(proteome:UP000005640) AND (proteomecomponent:\\"name\\")"
                >
                  18
                </a>
              </td>
            </tr>
          </tbody>
        </table>
      </div>
    </div>
  </section>
  <section>
    <h2>
      Publications for Homo sapiens (Human)
    </h2>
    <div>
      <section>
        <section
          class="card"
        >
          <div
            class="card--has-hover"
            role="button"
            tabindex="0"
          >
            <div
              class="card__content"
            >
              <section
                class="result-card"
              >
                <div
                  class="result-card__right"
                >
                  <article
                    class="publication"
                  >
                    <div
                      class="publication__columns"
                    >
                      <div
                        class="publication__columns__main"
                      >
                        <h5>
                          Leo book tittle
                        </h5>
                        <div
                          class="publication__authors"
                        >
                          <a
                            href="/uniprotkb?query=lit_author:\\"author Leo\\""
                          >
                            author Leo
                          </a>
                        </div>
                      </div>
                      <div
                        class="publication__columns__side"
                      >
                        <div
                          class="publication__columns__side__item"
                        >
                          <test-file-stub
                            height="2em"
                            width="1.875em"
                          />
                          <ul
                            class="no-bullet"
                          >
                            <li>
                              <a
                                class="external-link"
                                href="https://pubmed.ncbi.nlm.nih.gov/somepID1"
                                rel="noopener"
                                target="_blank"
                              >
                                PubMed
                              </a>
                            </li>
                            <li>
                              <a
                                class="external-link"
                                href="//europepmc.org/article/MED/somepID1"
                                rel="noopener"
                                target="_blank"
                              >
                                Europe PMC
                              </a>
                            </li>
                            <li>
                              <small>
                                journal name volume value:first page-last page(
                                <time
                                  datetime="2021-01-01T00:00:00.000Z"
                                >
                                  2021
                                </time>
                                )
                              </small>
                            </li>
                          </ul>
                        </div>
                        <div
                          class="publication__columns__side__item"
                        />
                      </div>
                    </div>
                  </article>
                </div>
              </section>
            </div>
          </div>
        </section>
      </section>
      <section>
        <section
          class="card"
        >
          <div
            class="card--has-hover"
            role="button"
            tabindex="0"
          >
            <div
              class="card__content"
            >
              <section
                class="result-card"
              >
                <div
                  class="result-card__right"
                >
                  <article
                    class="publication"
                  >
                    <div
                      class="publication__columns"
                    >
                      <div
                        class="publication__columns__main"
                      >
                        <h5>
                          Leo book tittle
                        </h5>
                        <div
                          class="publication__authors"
                        >
                          <a
                            href="/uniprotkb?query=lit_author:\\"author Leo\\""
                          >
                            author Leo
                          </a>
                        </div>
                      </div>
                      <div
                        class="publication__columns__side"
                      >
                        <div
                          class="publication__columns__side__item"
                        >
                          <test-file-stub
                            height="2em"
                            width="1.875em"
                          />
                          <ul
                            class="no-bullet"
                          >
                            <li>
                              <a
                                class="external-link"
                                href="https://pubmed.ncbi.nlm.nih.gov/somepID2"
                                rel="noopener"
                                target="_blank"
                              >
                                PubMed
                              </a>
                            </li>
                            <li>
                              <a
                                class="external-link"
                                href="//europepmc.org/article/MED/somepID2"
                                rel="noopener"
                                target="_blank"
                              >
                                Europe PMC
                              </a>
                            </li>
                            <li>
                              <small>
                                 (
                                <time
                                  datetime="2021-01-01T00:00:00.000Z"
                                >
                                  2021
                                </time>
                                )
                              </small>
                            </li>
                          </ul>
                        </div>
                        <div
                          class="publication__columns__side__item"
                        />
                      </div>
                    </div>
                  </article>
                </div>
              </section>
            </div>
          </div>
        </section>
      </section>
    </div>
  </section>
</DocumentFragment>
`;
