// Jest Snapshot v1, https://goo.gl/fbAQLP

exports[`alnClustalNum parser should match snapshot 1`] = `
{
  "conservation": "* *:  ::: : : *.*:. :.   *:*:***:* .:* :********:  ****::.**.**. *: .*.  :*:: .*** **:***: *********:**********:* **:**  .**: ****: ** ***.***",
  "sequences": [
    {
      "name": "sp|P69905|HBA_HUMAN",
      "sequence": "M-LSPADKTNVKAAWGKVGAHAGEYGAEALERMFLSFPTTKTYFPHFDLSHGSAQVKGHG-KVADALTNAVAHVDDMPNALSALSDLHAHKLRVDPVNFKLLSHCLLVTLAAHLPAEFTPAVHASLDKFLASVSTVLTSKY-",
    },
    {
      "name": "sp|P01942|HBA_MOUSE",
      "sequence": "MVLSGEDKSNIKAAWGKIGGHGAEYGAEALERMFASFPTTKTYFPHFDVSHGSAQVKGHGKKVADALASAAGHLDDLPGALSALSDLHAHKLRVDPVNFKLLSHCLLVTLASHHPADFTPAVHASLDKFLASVSTVLTSKYR",
    },
    {
      "name": "sp|P13786|HBAZ_CAPHI",
      "sequence": "MSLTRTERTIILSLWSKISTQADVIGTETLERLFSCYPQAKTYFPHFDLHSGSAQLRAHGSKVVAAVGDAVKSIDNVTSALSKLSELHAYVLRVDPVNFKFLSHCLLVTLASHFPADFTADAHAAWDKFLSIVSGVLTEKYR",
    },
  ],
}
`;

exports[`alnClustalNum parser should match snapshot 2`] = `
{
  "conservation": "           ::::::::::**********",
  "sequences": [
    {
      "name": "a",
      "sequence": "-AAAAAAAAAAAAAAAAAAAAAAAAAAAA-",
    },
    {
      "name": "b",
      "sequence": "BBBBBBBBBBBBBBBBBBBBBBBBBBBBBB",
    },
    {
      "name": "c",
      "sequence": "CCCCCCCCCCCCCCCCCCCCCCCCCCCCCC",
    },
  ],
}
`;
