// Jest Snapshot v1, https://goo.gl/fbAQLP

exports[`SequenceView component should render SequenceInfo with provided sequence info (canonical) 1`] = `
<DocumentFragment>
  <div
    class="button-group"
  >
    <button
      class="button tertiary"
      title="Run 2 BLAST jobs against the selected entries"
      type="button"
    >
      BLAST 2 isoforms
    </button>
    <button
      class="button tertiary"
      title="Run an Align job against 2 entries"
      type="button"
    >
      Align 2 isoforms
    </button>
  </div>
  <ul
    class="info-list info-list--columns"
  >
    <li>
      <div
        class="decorated-list-item"
      >
        <div
          class="decorated-list-item__title"
        >
          <h5
            class="bold"
          >
            Sequence status
          </h5>
        </div>
        <div
          class="decorated-list-item__content"
        >
          Sequence status
        </div>
      </div>
    </li>
    <li>
      <div
        class="decorated-list-item"
      >
        <div
          class="decorated-list-item__title"
        >
          <h5
            class="bold"
          >
            Sequence processing
          </h5>
        </div>
        <div
          class="decorated-list-item__content"
        >
          Sequence processing
        </div>
      </div>
    </li>
  </ul>
  <p>
    This entry describes  
    <strong>
      2
    </strong>
     isoforms produced by 
    <strong>
      event 1 & event 2
    </strong>
    . some text
  </p>
  <h3
    id="Isoform_APP770"
  >
    P05067-1
  </h3>
  <p>
    This isoform has been chosen as the 
    <strong>
      canonical
    </strong>
     sequence. All positional information in this entry refers to it. This is also the sequence that appears in the downloadable versions of the entry.
  </p>
  <ul
    class="info-list info-list--columns"
  >
    <li>
      <div
        class="decorated-list-item decorated-list-item--compact"
      >
        <div
          class="decorated-list-item__title"
        >
          <h5
            class="bold"
          >
            Name
          </h5>
        </div>
        <div
          class="decorated-list-item__content"
        >
          APP770
        </div>
      </div>
    </li>
    <li>
      <div
        class="decorated-list-item decorated-list-item--compact"
      >
        <div
          class="decorated-list-item__title"
        >
          <h5
            class="bold"
          >
            Synonyms
          </h5>
        </div>
        <div
          class="decorated-list-item__content"
        >
          PreA4 770
        </div>
      </div>
    </li>
    <li>
      <div
        class="decorated-list-item decorated-list-item--compact"
      >
        <div
          class="decorated-list-item__title"
        >
          <h5
            class="bold"
          >
            See also
          </h5>
        </div>
        <div
          class="decorated-list-item__content"
        >
          sequence in 
          <a
            href="/uniparc?query=(isoform:P05067-1)&direct"
          >
            UniParc
          </a>
           or sequence clusters in 
          <a
            href="/uniref?query=(uniprot_id:P05067)"
          >
            UniRef
          </a>
        </div>
      </div>
    </li>
    <li>
      <div
        class="decorated-list-item decorated-list-item--compact"
      >
        <div
          class="decorated-list-item__title"
        >
          <h5
            class="bold"
          >
            Note
          </h5>
        </div>
        <div
          class="decorated-list-item__content"
        >
          A major isoform.
        </div>
      </div>
    </li>
  </ul>
  <section
    class="sequence-container"
  >
    <div
      class="action-bar button-group"
    >
      <div
        class="dropdown-container"
      >
        <button
          class="button primary dropdown tertiary"
          type="button"
        >
          Tools
        </button>
        <div
          class="dropdown-menu"
        />
      </div>
      <a
        class="button tertiary"
        download=""
        href="/<testing>/api/uniprotkb/P05067.fasta"
      >
        <test-file-stub />
        Download
      </a>
      <button
        class="button tertiary"
        title="Add 1 entry to the basket"
        type="button"
      >
        <test-file-stub />
        Add
      </button>
      <div
        class="dropdown-container"
      >
        <button
          class="button primary dropdown tertiary"
          type="button"
        >
          Highlight
        </button>
        <div
          class="dropdown-menu"
        />
      </div>
      <button
        class="button tertiary"
        type="button"
      >
        Copy FASTA
      </button>
    </div>
    <ul
      class="info-list info-list--columns"
    >
      <li>
        <div
          class="decorated-list-item decorated-list-item--compact"
        >
          <div
            class="decorated-list-item__title"
          >
            <h5
              class="bold"
            >
              Length
            </h5>
          </div>
          <div
            class="decorated-list-item__content"
          >
            1234
          </div>
        </div>
      </li>
      <li>
        <div
          class="decorated-list-item decorated-list-item--compact"
        >
          <div
            class="decorated-list-item__title"
          >
            <h5
              class="bold"
            >
              Mass (Da)
            </h5>
          </div>
          <div
            class="decorated-list-item__content"
          >
            5,678
          </div>
        </div>
      </li>
      <li>
        <div
          class="decorated-list-item decorated-list-item--compact"
        >
          <div
            class="decorated-list-item__title"
          >
            <h5
              class="bold"
            >
              Last updated
            </h5>
          </div>
          <div
            class="decorated-list-item__content"
          >
            12/04/2010
          </div>
        </div>
      </li>
      <li>
        <div
          class="decorated-list-item decorated-list-item--compact"
        >
          <div
            class="decorated-list-item__title"
          >
            <h5
              class="bold"
            >
              Checksum
            </h5>
          </div>
          <div
            class="decorated-list-item__content"
          >
            ASSDFFFDSAASDDSDFSASDF
          </div>
        </div>
      </li>
    </ul>
    <div
      class="sequence"
    >
      <div
        class="sequence__sequence"
      >
        <span
          class="sequence__sequence__chunk"
        >
          <svg
            height="30"
            width="100"
          >
            <text
              class="sequence__sequence__chunk__counter"
              x="100"
              y="10"
            >
              10
            </text>
            <text
              class="sequence__sequence__chunk__sequence"
              x="0"
              y="20"
            >
              ATGHASOADS
            </text>
          </svg>
        </span>
        <span
          class="sequence__sequence__chunk"
        >
          <svg
            height="30"
            width="100"
          >
            <text
              class="sequence__sequence__chunk__counter"
              x="100"
              y="10"
            >
              20
            </text>
            <text
              class="sequence__sequence__chunk__sequence"
              x="0"
              y="20"
            >
              DKDSAJALDS
            </text>
          </svg>
        </span>
        <span
          class="sequence__sequence__chunk"
        >
          <svg
            height="30"
            width="100"
          >
            <text
              class="sequence__sequence__chunk__counter"
              x="100"
              y="10"
            >
              30
            </text>
            <text
              class="sequence__sequence__chunk__sequence"
              x="0"
              y="20"
            >
              AMCMNDSKMD
            </text>
          </svg>
        </span>
        <span
          class="sequence__sequence__chunk"
        >
          <svg
            height="30"
            width="100"
          >
            <text
              class="sequence__sequence__chunk__counter"
              x="100"
              y="10"
            />
            <text
              class="sequence__sequence__chunk__sequence"
              x="0"
              y="20"
            >
              SKNCSAKN
            </text>
          </svg>
        </span>
      </div>
    </div>
  </section>
  <h3
    id="Isoform_APP770-2"
  >
    P05067-2
  </h3>
  <ul
    class="info-list info-list--columns"
  >
    <li>
      <div
        class="decorated-list-item decorated-list-item--compact"
      >
        <div
          class="decorated-list-item__title"
        >
          <h5
            class="bold"
          >
            Name
          </h5>
        </div>
        <div
          class="decorated-list-item__content"
        >
          APP770-2
        </div>
      </div>
    </li>
    <li>
      <div
        class="decorated-list-item decorated-list-item--compact"
      >
        <div
          class="decorated-list-item__title"
        >
          <h5
            class="bold"
          >
            Synonyms
          </h5>
        </div>
        <div
          class="decorated-list-item__content"
        >
          PreA4 770-2
        </div>
      </div>
    </li>
    <li>
      <div
        class="decorated-list-item decorated-list-item--compact"
      >
        <div
          class="decorated-list-item__title"
        >
          <h5
            class="bold"
          >
            See also
          </h5>
        </div>
        <div
          class="decorated-list-item__content"
        >
          sequence in 
          <a
            href="/uniparc?query=(isoform:P05067-2)&direct"
          >
            UniParc
          </a>
           or sequence clusters in 
          <a
            href="/uniref?query=(uniprot_id:P05067-2)"
          >
            UniRef
          </a>
        </div>
      </div>
    </li>
    <li>
      <div
        class="decorated-list-item decorated-list-item--compact"
      >
        <div
          class="decorated-list-item__title"
        >
          <h5
            class="bold"
          >
            Note
          </h5>
        </div>
        <div
          class="decorated-list-item__content"
        >
          A not so major isoform.
        </div>
      </div>
    </li>
  </ul>
  <button
    class="button secondary"
    type="button"
  >
    Show sequence 
  </button>
</DocumentFragment>
`;
