// Jest Snapshot v1, https://goo.gl/fbAQLP

exports[`SequenceView component should render SequenceInfo with provided sequence info (canonical) 1`] = `
<DocumentFragment>
  <div
    class="button-group"
  >
    <a
      class="button tertiary no-small"
      href="/align?ids=P05067-1%2CP05067-2"
      title="Run an Align job against 2 entries"
    >
      <span
        translate="no"
      >
        Align
      </span>
       isoforms (2)
    </a>
    <button
      class="button tertiary no-small"
      title="Add 2 entries to the basket"
      type="button"
    >
      <test-file-stub />
      Add isoforms
    </button>
  </div>
  <ul
    class="info-list info-list--columns"
  >
    <li>
      <div
        class="decorated-list-item"
      >
        <div
          class="decorated-list-item__title tiny"
        >
          <span
            data-article-id="sequence_status"
          >
            Sequence status
          </span>
        </div>
        <div
          class="decorated-list-item__content"
        >
          Sequence status
        </div>
      </div>
    </li>
    <li>
      <div
        class="decorated-list-item"
      >
        <div
          class="decorated-list-item__title tiny"
        >
          <span
            data-article-id="sequence_processing"
          >
            Sequence processing
          </span>
        </div>
        <div
          class="decorated-list-item__content"
        >
          Sequence processing
        </div>
      </div>
    </li>
  </ul>
  <p>
    This entry describes 
    <strong>
      2
    </strong>
     
    <span
      data-article-id="alternative_products"
    >
      isoforms
    </span>
     produced by 
    <strong>
      event 1 & event 2
    </strong>
    . some text
  </p>
  <h3
    id="Isoform_APP770"
  >
    <span>
       
      <span
        id="P05067-1"
      >
        P05067-1
      </span>
    </span>
  </h3>
  <p>
    This isoform has been chosen as the 
    <strong>
      canonical
    </strong>
     sequence. All positional information in this entry refers to it. This is also the sequence that appears in the downloadable versions of the entry.
  </p>
  <ul
    class="info-list info-list--columns"
  >
    <li>
      <div
        class="decorated-list-item decorated-list-item--compact"
      >
        <div
          class="decorated-list-item__title tiny"
        >
          Name
        </div>
        <div
          class="decorated-list-item__content"
        >
          APP770
        </div>
      </div>
    </li>
    <li>
      <div
        class="decorated-list-item decorated-list-item--compact"
      >
        <div
          class="decorated-list-item__title tiny"
        >
          Synonyms
        </div>
        <div
          class="decorated-list-item__content"
        >
          PreA4 770
        </div>
      </div>
    </li>
    <li>
      <div
        class="decorated-list-item decorated-list-item--compact"
      >
        <div
          class="decorated-list-item__title tiny"
        >
          See also
        </div>
        <div
          class="decorated-list-item__content"
        >
          sequence in 
          <a
            href="/uniparc?query=(isoform:P05067-1)&direct"
          >
            UniParc
          </a>
           or sequence clusters in 
          <a
            href="/uniref?query=(uniprot_id:P05067)"
          >
            UniRef
          </a>
        </div>
      </div>
    </li>
    <li>
      <div
        class="decorated-list-item decorated-list-item--compact"
      >
        <div
          class="decorated-list-item__title tiny"
        >
          Note
        </div>
        <div
          class="decorated-list-item__content"
        >
          A major isoform.
        </div>
      </div>
    </li>
  </ul>
  <div>
    <section
      class="sequence-container"
    >
      <div
        class="action-bar button-group"
      >
        <div
          aria-expanded="false"
          aria-haspopup="true"
          class="dropdown"
        >
          <button
            class="button tertiary"
            type="button"
          >
            Tools
          </button>
        </div>
        <a
          class="button tertiary"
          download=""
          href="/<testing>/api/uniprotkb/P05067.fasta"
        >
          <test-file-stub />
          Download
        </a>
        <button
          class="button tertiary no-small"
          title="Add 1 entry to the basket"
          type="button"
        >
          <test-file-stub />
          Add
        </button>
        <div
          aria-expanded="false"
          aria-haspopup="true"
          class="dropdown"
        >
          <button
            class="button tertiary"
            type="button"
          >
            Highlight
          </button>
        </div>
      </div>
      <ul
        class="info-list info-list--columns"
      >
        <li>
          <div
            class="decorated-list-item decorated-list-item--compact"
          >
            <div
              class="decorated-list-item__title tiny"
            >
              Length
            </div>
            <div
              class="decorated-list-item__content"
            >
              1,234
            </div>
          </div>
        </li>
        <li>
          <div
            class="decorated-list-item decorated-list-item--compact"
          >
            <div
              class="decorated-list-item__title tiny"
            >
              Mass (Da)
            </div>
            <div
              class="decorated-list-item__content"
            >
              5,678
            </div>
          </div>
        </li>
        <li>
          <div
            class="decorated-list-item decorated-list-item--compact"
          >
            <div
              class="decorated-list-item__title tiny"
            >
              Last updated
            </div>
            <div
              class="decorated-list-item__content"
            >
              12/04/2010
            </div>
          </div>
        </li>
        <li>
          <div
            class="decorated-list-item decorated-list-item--compact"
          >
            <div
              class="decorated-list-item__title tiny"
            >
              <span
                data-article-id="checksum"
              >
                Checksum
              </span>
            </div>
            <div
              class="decorated-list-item__content"
            >
              ASSDFFFDSAASDDSDFSASDF
            </div>
          </div>
        </li>
      </ul>
      <div
        class="sequence"
      >
        <span
          class="sequence__chunk"
        >
          ATGHASOADS
        </span>
        <span
          class="sequence__chunk"
        >
          DKDSAJALDS
        </span>
        <span
          class="sequence__chunk"
        >
          AMCMNDSKMD
        </span>
        <span
          class="sequence__chunk"
        >
          SKNCSAKN
        </span>
      </div>
    </section>
  </div>
  <h3
    id="Isoform_APP770-2"
  >
    <span>
       
      <span
        id="P05067-2"
      >
        P05067-2
      </span>
    </span>
  </h3>
  <ul
    class="info-list info-list--columns"
  >
    <li>
      <div
        class="decorated-list-item decorated-list-item--compact"
      >
        <div
          class="decorated-list-item__title tiny"
        >
          Name
        </div>
        <div
          class="decorated-list-item__content"
        >
          APP770-2
        </div>
      </div>
    </li>
    <li>
      <div
        class="decorated-list-item decorated-list-item--compact"
      >
        <div
          class="decorated-list-item__title tiny"
        >
          Synonyms
        </div>
        <div
          class="decorated-list-item__content"
        >
          PreA4 770-2
        </div>
      </div>
    </li>
    <li>
      <div
        class="decorated-list-item decorated-list-item--compact"
      >
        <div
          class="decorated-list-item__title tiny"
        >
          See also
        </div>
        <div
          class="decorated-list-item__content"
        >
          sequence in 
          <a
            href="/uniparc?query=(isoform:P05067-2)&direct"
          >
            UniParc
          </a>
           or sequence clusters in 
          <a
            href="/uniref?query=(uniprot_id:P05067-2)"
          >
            UniRef
          </a>
        </div>
      </div>
    </li>
    <li>
      <div
        class="decorated-list-item decorated-list-item--compact"
      >
        <div
          class="decorated-list-item__title tiny"
        >
          Note
        </div>
        <div
          class="decorated-list-item__content"
        >
          A not so major isoform.
        </div>
      </div>
    </li>
  </ul>
  <button
    class="button secondary"
    type="button"
  >
    Show sequence 
  </button>
</DocumentFragment>
`;
