// Jest Snapshot v1, https://goo.gl/fbAQLP

exports[`UniParc Entry tests should display the correct id 1`] = `
<DocumentFragment>
  <div
    class="sidebar-layout entry-page"
  >
    <section
      class="sidebar-layout__sidebar"
    />
    <section
      class="sidebar-layout__content"
    >
      <section
        class="sidebar-layout__title"
      >
        <h2>
          <span
            class="entry-title"
          >
            UniParc · UPI0000000001
          </span>
        </h2>
      </section>
      <div
        id="sequence"
      >
        <div
          class="card"
        >
          <section>
            <div
              class="card__header"
            >
              <h2
                class="card__title"
              >
                Representative
              </h2>
            </div>
            <div
              class="card__content"
            >
              <button
                class="button secondary"
                type="button"
              >
                Show sequence 
              </button>
            </div>
          </section>
        </div>
      </div>
    </section>
  </div>
</DocumentFragment>
`;
