// Jest Snapshot v1, https://goo.gl/fbAQLP

exports[`SequenceSection component should render the SequenceSection properly and match snapshot 1`] = `
<DocumentFragment>
  <div
    class="card"
  >
    <section>
      <div
        class="card__header"
      >
        <h2
          class="card__title"
        >
          Cross references
        </h2>
      </div>
      <div
        class="card__content"
      >
        <div
          class="button-group"
        >
          <button
            class="button tertiary"
            type="button"
          >
            <test-file-stub />
            Customize data
          </button>
        </div>
        <table
          class="data-table data-table--compact"
        >
          <thead>
            <tr>
              <th
                class=""
              >
                Database
              </th>
              <th
                class=""
              >
                Identifier
              </th>
              <th
                class=""
              >
                Version
              </th>
              <th
                class=""
              >
                Organism
              </th>
              <th
                class=""
              >
                First seen
              </th>
              <th
                class=""
              >
                Last seen
              </th>
              <th
                class=""
              >
                Active
              </th>
            </tr>
          </thead>
          <tbody>
            <tr>
              <td>
                <span>
                  <span
                    class="entry-title__status icon--reviewed"
                    title="This marks a reviewed UniProtKB entry"
                  >
                    <test-file-stub />
                  </span>
                  UniProtKB reviewed
                </span>
              </td>
              <td>
                <span>
                  <a
                    href="/uniprotkb/P07612"
                  >
                    P07612
                  </a>
                </span>
              </td>
              <td>
                <span>
                  3
                </span>
              </td>
              <td>
                <span>
                  10254
                </span>
              </td>
              <td>
                <span>
                  2007-01-23
                </span>
              </td>
              <td>
                <span>
                  2020-12-02
                </span>
              </td>
              <td>
                <span>
                  Yes
                </span>
              </td>
            </tr>
            <tr>
              <td>
                <span
                  class="xref-inactive"
                >
                  <span
                    class="entry-title__status icon--reviewed"
                    title="This marks a reviewed UniProtKB entry"
                  >
                    <test-file-stub />
                  </span>
                  UniProtKB reviewed
                </span>
              </td>
              <td>
                <span
                  class="xref-inactive"
                >
                  <a
                    href="/uniprotkb/P07612"
                  >
                    P07612
                  </a>
                </span>
              </td>
              <td>
                <span
                  class="xref-inactive"
                >
                  1
                </span>
              </td>
              <td>
                <span
                  class="xref-inactive"
                >
                  10254
                </span>
              </td>
              <td>
                <span
                  class="xref-inactive"
                >
                  1988-11-01
                </span>
              </td>
              <td>
                <span
                  class="xref-inactive"
                >
                  2004-11-23
                </span>
              </td>
              <td>
                <span
                  class="xref-inactive"
                >
                  No
                </span>
              </td>
            </tr>
            <tr>
              <td>
                <span>
                  <span
                    class="entry-title__status icon--unreviewed"
                    title="This marks an unreviewed UniProtKB entry"
                  >
                    <test-file-stub />
                  </span>
                  UniProtKB unreviewed
                </span>
              </td>
              <td>
                <span>
                  <a
                    href="/uniprotkb/A0A2I2MDI1"
                  >
                    A0A2I2MDI1
                  </a>
                </span>
              </td>
              <td>
                <span>
                  1
                </span>
              </td>
              <td>
                <span>
                  10254
                </span>
              </td>
              <td>
                <span>
                  2018-02-28
                </span>
              </td>
              <td>
                <span>
                  2020-12-02
                </span>
              </td>
              <td>
                <span>
                  Yes
                </span>
              </td>
            </tr>
            <tr>
              <td>
                <span>
                  <span
                    class="entry-title__status icon--unreviewed"
                    title="This marks an unreviewed UniProtKB entry"
                  >
                    <test-file-stub />
                  </span>
                  UniProtKB unreviewed
                </span>
              </td>
              <td>
                <span>
                  <a
                    href="/uniprotkb/Q0GNZ6"
                  >
                    Q0GNZ6
                  </a>
                </span>
              </td>
              <td>
                <span>
                  1
                </span>
              </td>
              <td>
                <span>
                  397342
                </span>
              </td>
              <td>
                <span>
                  2006-10-03
                </span>
              </td>
              <td>
                <span>
                  2020-12-02
                </span>
              </td>
              <td>
                <span>
                  Yes
                </span>
              </td>
            </tr>
            <tr>
              <td>
                <span>
                  <span
                    class="entry-title__status icon--unreviewed"
                    title="This marks an unreviewed UniProtKB entry"
                  >
                    <test-file-stub />
                  </span>
                  UniProtKB unreviewed
                </span>
              </td>
              <td>
                <span>
                  <a
                    href="/uniprotkb/Q6RZL4"
                  >
                    Q6RZL4
                  </a>
                </span>
              </td>
              <td>
                <span>
                  1
                </span>
              </td>
              <td>
                <span>
                  32606
                </span>
              </td>
              <td>
                <span>
                  2004-07-05
                </span>
              </td>
              <td>
                <span>
                  2020-12-02
                </span>
              </td>
              <td>
                <span>
                  Yes
                </span>
              </td>
            </tr>
            <tr>
              <td>
                <span>
                  <span
                    class="entry-title__status icon--unreviewed"
                    title="This marks an unreviewed UniProtKB entry"
                  >
                    <test-file-stub />
                  </span>
                  UniProtKB unreviewed
                </span>
              </td>
              <td>
                <span>
                  <a
                    href="/uniprotkb/Q71TT2"
                  >
                    Q71TT2
                  </a>
                </span>
              </td>
              <td>
                <span>
                  1
                </span>
              </td>
              <td>
                <span>
                  10245
                </span>
              </td>
              <td>
                <span>
                  2006-04-18
                </span>
              </td>
              <td>
                <span>
                  2020-12-02
                </span>
              </td>
              <td>
                <span>
                  Yes
                </span>
              </td>
            </tr>
            <tr>
              <td>
                <span>
                  <span
                    class="entry-title__status icon--unreviewed"
                    title="This marks an unreviewed UniProtKB entry"
                  >
                    <test-file-stub />
                  </span>
                  UniProtKB unreviewed
                </span>
              </td>
              <td>
                <span>
                  <a
                    href="/uniprotkb/Q76QK2"
                  >
                    Q76QK2
                  </a>
                </span>
              </td>
              <td>
                <span>
                  1
                </span>
              </td>
              <td>
                <span>
                  10243
                </span>
              </td>
              <td>
                <span>
                  2004-07-05
                </span>
              </td>
              <td>
                <span>
                  2020-12-02
                </span>
              </td>
              <td>
                <span>
                  Yes
                </span>
              </td>
            </tr>
            <tr>
              <td>
                <span
                  class="xref-inactive"
                >
                  <span
                    class="entry-title__status icon--unreviewed"
                    title="This marks an unreviewed UniProtKB entry"
                  >
                    <test-file-stub />
                  </span>
                  UniProtKB unreviewed
                </span>
              </td>
              <td>
                <span
                  class="xref-inactive"
                >
                  <a
                    href="/uniprotkb/Q76ZT7"
                  >
                    Q76ZT7
                  </a>
                </span>
              </td>
              <td>
                <span
                  class="xref-inactive"
                >
                  1
                </span>
              </td>
              <td />
              <td>
                <span
                  class="xref-inactive"
                >
                  2004-07-05
                </span>
              </td>
              <td>
                <span
                  class="xref-inactive"
                >
                  2011-06-28
                </span>
              </td>
              <td>
                <span
                  class="xref-inactive"
                >
                  No
                </span>
              </td>
            </tr>
            <tr>
              <td>
                <span>
                  RefSeq
                </span>
              </td>
              <td>
                <span>
                  YP_232970
                </span>
              </td>
              <td>
                <span>
                  1
                </span>
              </td>
              <td>
                <span>
                  10245
                </span>
              </td>
              <td>
                <span>
                  2005-10-06
                </span>
              </td>
              <td>
                <span>
                  2020-09-08
                </span>
              </td>
              <td>
                <span>
                  Yes
                </span>
              </td>
            </tr>
            <tr>
              <td>
                <span
                  class="xref-inactive"
                >
                  RefSeq
                </span>
              </td>
              <td>
                <span
                  class="xref-inactive"
                >
                  YP_006721
                </span>
              </td>
              <td>
                <span
                  class="xref-inactive"
                >
                  1
                </span>
              </td>
              <td />
              <td>
                <span
                  class="xref-inactive"
                >
                  2004-07-08
                </span>
              </td>
              <td>
                <span
                  class="xref-inactive"
                >
                  2005-07-09
                </span>
              </td>
              <td>
                <span
                  class="xref-inactive"
                >
                  No
                </span>
              </td>
            </tr>
            <tr>
              <td>
                <span>
                  EMBL
                </span>
              </td>
              <td>
                <span>
                  AAF63732
                </span>
              </td>
              <td>
                <span>
                  1
                </span>
              </td>
              <td>
                <span>
                  10245
                </span>
              </td>
              <td>
                <span>
                  2003-03-12
                </span>
              </td>
              <td>
                <span>
                  2020-09-29
                </span>
              </td>
              <td>
                <span>
                  Yes
                </span>
              </td>
            </tr>
            <tr>
              <td>
                <span>
                  EMBL
                </span>
              </td>
              <td>
                <span>
                  AAO89367
                </span>
              </td>
              <td>
                <span>
                  1
                </span>
              </td>
              <td>
                <span>
                  10254
                </span>
              </td>
              <td>
                <span>
                  2003-06-16
                </span>
              </td>
              <td>
                <span>
                  2020-09-29
                </span>
              </td>
              <td>
                <span>
                  Yes
                </span>
              </td>
            </tr>
            <tr>
              <td>
                <span>
                  EMBL
                </span>
              </td>
              <td>
                <span>
                  AAS49790
                </span>
              </td>
              <td>
                <span>
                  1
                </span>
              </td>
              <td>
                <span>
                  32606
                </span>
              </td>
              <td>
                <span>
                  2004-03-31
                </span>
              </td>
              <td>
                <span>
                  2020-09-29
                </span>
              </td>
              <td>
                <span>
                  Yes
                </span>
              </td>
            </tr>
            <tr>
              <td>
                <span>
                  EMBL
                </span>
              </td>
              <td>
                <span>
                  ABH08195
                </span>
              </td>
              <td>
                <span>
                  1
                </span>
              </td>
              <td>
                <span>
                  397342
                </span>
              </td>
              <td>
                <span>
                  2006-09-02
                </span>
              </td>
              <td>
                <span>
                  2020-09-29
                </span>
              </td>
              <td>
                <span>
                  Yes
                </span>
              </td>
            </tr>
            <tr>
              <td>
                <span>
                  EMBL
                </span>
              </td>
              <td>
                <span>
                  ADZ29210
                </span>
              </td>
              <td>
                <span>
                  1
                </span>
              </td>
              <td>
                <span>
                  10243
                </span>
              </td>
              <td>
                <span>
                  2011-08-10
                </span>
              </td>
              <td>
                <span>
                  2020-09-29
                </span>
              </td>
              <td>
                <span>
                  Yes
                </span>
              </td>
            </tr>
            <tr>
              <td>
                <span>
                  EMBL
                </span>
              </td>
              <td>
                <span>
                  AGJ91256
                </span>
              </td>
              <td>
                <span>
                  1
                </span>
              </td>
              <td>
                <span>
                  10245
                </span>
              </td>
              <td>
                <span>
                  2013-04-24
                </span>
              </td>
              <td>
                <span>
                  2020-09-29
                </span>
              </td>
              <td>
                <span>
                  Yes
                </span>
              </td>
            </tr>
            <tr>
              <td>
                <span>
                  EMBL
                </span>
              </td>
              <td>
                <span>
                  AGJ92346
                </span>
              </td>
              <td>
                <span>
                  1
                </span>
              </td>
              <td>
                <span>
                  10245
                </span>
              </td>
              <td>
                <span>
                  2013-04-24
                </span>
              </td>
              <td>
                <span>
                  2020-09-29
                </span>
              </td>
              <td>
                <span>
                  Yes
                </span>
              </td>
            </tr>
          </tbody>
        </table>
      </div>
    </section>
  </div>
</DocumentFragment>
`;
